---
source: src/pretty_print.rs
expression: ast
---
let tpl_s_v0 = tuplet!(statet());

let dowhile_v2 = dowhile(parallel!(int(1), int(2), int(3), int(4), getat(0)), 
parallel!(less_than(getat(0), 
getat(3)), getat(0), getat(1), getat(2), getat(3), tprint(sub(getat(2), 
getat(1)), 
getat(4))));
let tpl__v3 = emptyt();
let tpl_i_v4 = tuplet!(intt());


let dowhile_v7 = dowhile(single(int(1)), 
parallel!(less_than(getat(0), 
int(3)), get(switch!(int(0), arg(); parallel!(int(4), int(5))), 0)));
let concat_v8 = concat(dowhile_v2.clone(), 
dowhile_v7.clone());
