---
source: tests/files.rs
expression: visualization.result
---
# ARGS: 
@pow(v0: int, v1: int) {
.b2_:
  c3_: int = const 0;
  c4_: int = const 1;
  v5_: int = sub v1 c4_;
  v6_: int = id v0;
  v7_: int = id c3_;
  v8_: int = id v0;
  v9_: int = id v1;
  v10_: int = id v5_;
.b11_:
  v12_: bool = lt v7_ v10_;
  v13_: int = id v6_;
  v14_: int = id v7_;
  v15_: int = id v8_;
  v16_: int = id v9_;
  br v12_ .b17_ .b18_;
.b17_:
  v19_: int = mul v6_ v8_;
  c20_: int = const 1;
  v21_: int = add c20_ v7_;
  v13_: int = id v19_;
  v14_: int = id v21_;
  v15_: int = id v8_;
  v16_: int = id v9_;
  v6_: int = id v13_;
  v7_: int = id v14_;
  v8_: int = id v15_;
  v9_: int = id v16_;
  v10_: int = id v10_;
  jmp .b11_;
.b18_:
  v6_: int = id v13_;
  v7_: int = id v14_;
  v8_: int = id v15_;
  v9_: int = id v16_;
  v10_: int = id v10_;
  print v6_;
  ret;
}
@main {
.b0_:
  c1_: int = const 4;
  c2_: int = const 0;
  c3_: int = const 15;
  c4_: int = const 14;
  v5_: int = id c1_;
  v6_: int = id c2_;
  v7_: int = id c1_;
  v8_: int = id c3_;
  v9_: int = id c4_;
.b10_:
  v11_: bool = lt v6_ v9_;
  v12_: int = id v5_;
  v13_: int = id v6_;
  v14_: int = id v7_;
  v15_: int = id v8_;
  br v11_ .b16_ .b17_;
.b16_:
  v18_: int = mul v5_ v7_;
  c19_: int = const 1;
  v20_: int = add c19_ v6_;
  v12_: int = id v18_;
  v13_: int = id v20_;
  v14_: int = id v7_;
  v15_: int = id v8_;
  v5_: int = id v12_;
  v6_: int = id v13_;
  v7_: int = id v14_;
  v8_: int = id v15_;
  v9_: int = id v9_;
  jmp .b10_;
.b17_:
  v5_: int = id v12_;
  v6_: int = id v13_;
  v7_: int = id v14_;
  v8_: int = id v15_;
  v9_: int = id v9_;
  print v5_;
  ret;
}
