---
source: tests/files.rs
expression: visualization.result
---
# ARGS: 8888
@main(v0: int) {
.b1_:
  c2_: int = const 1;
  c3_: int = const 3;
  c4_: int = const 2;
  c5_: int = const 0;
  v6_: int = id v0;
  v7_: int = id v0;
  v8_: int = id c2_;
  v9_: int = id c3_;
  v10_: int = id c4_;
  v11_: int = id c5_;
.b12_:
  v13_: bool = eq v7_ v8_;
  c14_: bool = const false;
  v15_: int = id v6_;
  v16_: bool = id c14_;
  v17_: int = id v7_;
  v18_: int = id v8_;
  v19_: int = id v9_;
  v20_: int = id v10_;
  v21_: int = id v11_;
  br v13_ .b22_ .b23_;
.b23_:
  print v7_;
  v24_: int = div v7_ v10_;
  v25_: int = mul v10_ v24_;
  v26_: int = sub v7_ v25_;
  v27_: bool = eq v11_ v26_;
  v28_: int = mul v7_ v9_;
  v29_: int = add v28_ v8_;
  c30_: bool = const true;
  v31_: int = id v6_;
  v32_: bool = id c30_;
  v33_: int = id v29_;
  v34_: int = id v8_;
  v35_: int = id v9_;
  v36_: int = id v10_;
  v37_: int = id v11_;
  br v27_ .b38_ .b39_;
.b38_:
  c40_: bool = const true;
  v31_: int = id v6_;
  v32_: bool = id c40_;
  v33_: int = id v24_;
  v34_: int = id v8_;
  v35_: int = id v9_;
  v36_: int = id v10_;
  v37_: int = id v11_;
  v15_: int = id v31_;
  v16_: bool = id v32_;
  v17_: int = id v33_;
  v18_: int = id v34_;
  v19_: int = id v35_;
  v20_: int = id v36_;
  v21_: int = id v37_;
  v6_: int = id v6_;
  v7_: int = id v17_;
  v8_: int = id v8_;
  v9_: int = id v9_;
  v10_: int = id v10_;
  v11_: int = id v11_;
  jmp .b12_;
.b39_:
  v15_: int = id v31_;
  v16_: bool = id v32_;
  v17_: int = id v33_;
  v18_: int = id v34_;
  v19_: int = id v35_;
  v20_: int = id v36_;
  v21_: int = id v37_;
  v6_: int = id v6_;
  v7_: int = id v17_;
  v8_: int = id v8_;
  v9_: int = id v9_;
  v10_: int = id v10_;
  v11_: int = id v11_;
  jmp .b12_;
.b22_:
  v6_: int = id v6_;
  v7_: int = id v17_;
  v8_: int = id v8_;
  v9_: int = id v9_;
  v10_: int = id v10_;
  v11_: int = id v11_;
  print v0;
  ret;
}
