---
source: tests/files.rs
expression: visualization.result
---
# ARGS: 40
@main(v0: int) {
.b1_:
  c2_: int = const 0;
  v3_: bool = lt c2_ v0;
  c4_: int = const 1;
  v5_: int = id c2_;
  v6_: int = id c2_;
  v7_: int = id c4_;
  v8_: int = id v0;
  v9_: int = id c2_;
  br v3_ .b10_ .b11_;
.b10_:
  v12_: int = id c2_;
  v13_: int = id c2_;
  v14_: int = id c4_;
  v15_: int = id v0;
  v16_: int = id c2_;
.b17_:
  print v13_;
  c18_: bool = const false;
  c19_: int = const 2;
  v20_: int = select c18_ c19_ v12_;
  v21_: int = add v14_ v20_;
  v22_: int = add v13_ v14_;
  v23_: bool = lt v22_ v15_;
  v12_: int = id v21_;
  v13_: int = id v22_;
  v14_: int = id v14_;
  v15_: int = id v15_;
  v16_: int = id v16_;
  br v23_ .b17_ .b24_;
.b24_:
  v5_: int = id v12_;
  v6_: int = id v13_;
  v7_: int = id v14_;
  v8_: int = id v15_;
  v9_: int = id v16_;
  print v5_;
  ret;
  jmp .b25_;
.b11_:
  print v5_;
  ret;
.b25_:
}
