---
source: tests/files.rs
expression: visualization.result
---
# ARGS: 20
@main(v0: int) {
.b1_:
  c2_: int = const 0;
  c3_: int = const 10;
  v4_: int = id c2_;
  v5_: int = id c3_;
  v6_: int = id c2_;
  v7_: int = id v0;
.b8_:
  c9_: int = const 5;
  v10_: bool = eq c9_ v5_;
  v11_: bool = not v10_;
  v12_: bool = not v11_;
  c13_: int = const 1;
  v14_: int = add c13_ v6_;
  v15_: int = add v14_ v4_;
  v16_: int = select v12_ v4_ v15_;
  v17_: bool = eq v14_ v7_;
  v18_: int = select v17_ c9_ v5_;
  v19_: int = select v12_ v5_ v18_;
  v20_: int = select v12_ v6_ v14_;
  v4_: int = id v16_;
  v5_: int = id v19_;
  v6_: int = id v20_;
  v7_: int = id v7_;
  br v11_ .b8_ .b21_;
.b21_:
  print v4_;
  ret;
}
