---
source: tests/files.rs
expression: visualization.result
---
# ARGS: 
@main {
.b0_:
  c1_: int = const 2;
  c2_: int = const 3;
  c3_: int = const 0;
  c4_: int = const 1;
  c5_: int = const 40;
  v6_: int = id c2_;
  v7_: int = id c3_;
  v8_: int = id c4_;
  v9_: int = id c5_;
.b10_:
  v11_: bool = lt v7_ v9_;
  v12_: int = add v6_ v8_;
  v13_: int = select v11_ v12_ v6_;
  v14_: int = add v7_ v8_;
  v15_: int = select v11_ v14_ v7_;
  v6_: int = id v13_;
  v7_: int = id v15_;
  v8_: int = id v8_;
  v9_: int = id v9_;
  br v11_ .b10_ .b16_;
.b16_:
  print c1_;
  ret;
}
