---
source: tests/files.rs
expression: visualization.result
---
@main {
  jmp .__1__;
.__56__:
  jmp .__57__;
.__55__:
  v36: int = id v43;
  v37: int = id v37;
  v38: int = id v38;
  br v52 .__40__ .__56__;
.__54__:
  jmp .__55__;
.__53__:
  v52: bool = lt v49 v37;
  jmp .__54__;
.__51__:
  jmp .__53__;
.__50__:
  v49: int = add v36 v38;
  jmp .__51__;
.__48__:
  jmp .__50__;
.__47__:
  jmp .__48__;
.__46__:
  jmp .__47__;
.__45__:
  jmp .__46__;
.__44__:
  v43: int = add v36 v38;
  jmp .__45__;
.__42__:
  jmp .__44__;
.__41__:
  jmp .__42__;
.__40__:
  jmp .__41__;
.__39__:
  v36: int = id v30;
  v37: int = id v32;
  v38: int = id v34;
  jmp .__40__;
.__35__:
  v34: int = const 1;
  jmp .__39__;
.__33__:
  v32: int = const 3;
  jmp .__35__;
.__31__:
  v30: int = const 0;
  jmp .__33__;
.__29__:
  jmp .__31__;
.__28__:
  jmp .__29__;
.__27__:
  v8: int = id v15;
  v9: int = id v9;
  v10: int = id v10;
  br v24 .__12__ .__28__;
.__26__:
  jmp .__27__;
.__25__:
  v24: bool = lt v21 v9;
  jmp .__26__;
.__23__:
  jmp .__25__;
.__22__:
  v21: int = add v8 v10;
  jmp .__23__;
.__20__:
  jmp .__22__;
.__19__:
  jmp .__20__;
.__18__:
  jmp .__19__;
.__17__:
  jmp .__18__;
.__16__:
  v15: int = add v8 v10;
  jmp .__17__;
.__14__:
  jmp .__16__;
.__13__:
  jmp .__14__;
.__12__:
  jmp .__13__;
.__11__:
  v8: int = id v2;
  v9: int = id v4;
  v10: int = id v6;
  jmp .__12__;
.__7__:
  v6: int = const 1;
  jmp .__11__;
.__5__:
  v4: int = const 3;
  jmp .__7__;
.__3__:
  v2: int = const 0;
  jmp .__5__;
.__1__:
  jmp .__3__;
.__57__:
  print v8;
}

