---
source: tests/files.rs
expression: visualization.result
---
@main(v0: int) {
  v1_: int = const 3;
  v2_: int = add v1_ v0;
  v3_: int = const 0;
  v4_: int = id v1_;
  v5_: int = id v2_;
  v6_: int = id v3_;
  v7_: int = id v0;
.v8_:
  v9_: int = const 7;
  v10_: int = mul v9_ v4_;
  print v10_;
  v11_: int = const 2;
  v12_: int = add v11_ v4_;
  v13_: int = add v6_ v10_;
  v14_: bool = lt v4_ v7_;
  v4_: int = id v12_;
  v5_: int = id v5_;
  v6_: int = id v13_;
  v7_: int = id v7_;
  br v14_ .v8_ .v15_;
.v15_:
  print v6_;
  print v5_;
  print v4_;
}
