---
source: tests/files.rs
expression: visualization.result
---
@main(v0: int) {
  v3: int = const 3;
  v7: int = add v3 v0;
  v9: int = const 0;
  v12: int = id v3;
  v13: int = id v7;
  v14: int = id v9;
  v15: int = id v0;
.__18__:
  v17: int = const 7;
  v20: int = mul v17 v12;
  print v20;
  v25: int = const 2;
  v27: int = add v12 v25;
  v32: int = add v14 v20;
  v37: bool = lt v12 v15;
  v12: int = id v27;
  v13: int = id v13;
  v14: int = id v32;
  v15: int = id v15;
  br v37 .__18__ .__41__;
.__41__:
  print v14;
  print v13;
  print v12;
}
