---
source: tests/files.rs
expression: visualization.result
---
@main {
  jmp .__2__;
.__10__:
  jmp .__13__;
.__9__:
  jmp .__10__;
.__12__:
  jmp .__13__;
.__11__:
  jmp .__12__;
.__8__:
  br v5 .__11__ .__9__;
.__7__:
  jmp .__8__;
.__6__:
  v5: bool = lt v1 v3;
  jmp .__7__;
.__4__:
  v3: int = const 4;
  jmp .__6__;
.__2__:
  v1: int = const 4;
  jmp .__4__;
.__13__:
}

