---
source: tests/files.rs
expression: visualization.result
---
# ARGS: 
@pow(v0: int, v1: int) {
.b2_:
  c3_: int = const 0;
  c4_: int = const 1;
  v5_: int = sub v1 c4_;
  v6_: int = id v0;
  v7_: int = id c3_;
  v8_: int = id v0;
  v9_: int = id v1;
  v10_: int = id v5_;
.b11_:
  v12_: bool = lt v7_ v10_;
  v13_: int = mul v6_ v8_;
  v14_: int = select v12_ v13_ v6_;
  c15_: int = const 1;
  v16_: int = add c15_ v7_;
  v17_: int = select v12_ v16_ v7_;
  v6_: int = id v14_;
  v7_: int = id v17_;
  v8_: int = id v8_;
  v9_: int = id v9_;
  v10_: int = id v10_;
  br v12_ .b11_ .b18_;
.b18_:
  print v6_;
  ret;
}
@main {
.b0_:
  c1_: int = const 4;
  c2_: int = const 0;
  c3_: int = const 15;
  v4_: int = id c1_;
  v5_: int = id c2_;
  v6_: int = id c1_;
  v7_: int = id c3_;
.b8_:
  c9_: int = const 14;
  v10_: bool = lt v5_ c9_;
  v11_: int = mul v4_ v6_;
  v12_: int = select v10_ v11_ v4_;
  c13_: int = const 1;
  v14_: int = add c13_ v5_;
  v15_: int = select v10_ v14_ v5_;
  v4_: int = id v12_;
  v5_: int = id v15_;
  v6_: int = id v6_;
  v7_: int = id v7_;
  br v10_ .b8_ .b16_;
.b16_:
  print v4_;
  ret;
}
