---
source: tests/files.rs
expression: visualization.result
---
@pow(v0: int, v1: int) {
  v2_: int = const 0;
  v3_: int = id v0;
  v4_: int = id v2_;
  v5_: int = id v0;
  v6_: int = id v1;
.v7_:
  v8_: int = const 1;
  v9_: int = sub v6_ v8_;
  v10_: bool = lt v4_ v9_;
  br v10_ .v11_ .v12_;
.v11_:
  v13_: int = mul v5_ v3_;
  v14_: bool = const true;
  v15_: int = const 1;
  v16_: int = add v4_ v15_;
  v17_: int = id v13_;
  v18_: bool = id v14_;
  v19_: int = id v16_;
  v20_: int = id v5_;
  v21_: int = id v6_;
.v22_:
  v3_: int = id v17_;
  v4_: int = id v19_;
  v5_: int = id v5_;
  v6_: int = id v6_;
  br v10_ .v7_ .v23_;
.v12_:
  v24_: bool = const false;
  v17_: int = id v3_;
  v18_: bool = id v24_;
  v19_: int = id v4_;
  v20_: int = id v5_;
  v21_: int = id v6_;
  jmp .v22_;
.v23_:
  print v3_;
}
@main {
  v0_: int = const 4;
  v1_: int = const 15;
  call @pow v0_ v1_;
}
