---
source: tests/files.rs
expression: visualization.result
---
# ARGS: 
@main {
  c0_: int = const 5;
  c1_: int = const 0;
  c2_: int = const 3;
  v3_: int = id c1_;
  v4_: int = id c2_;
.b5_:
  c6_: int = const 1;
  v7_: int = add c6_ v3_;
  v8_: bool = lt v7_ v4_;
  v3_: int = id v7_;
  v4_: int = id v4_;
  br v8_ .b5_ .b9_;
.b9_:
  v10_: int = mul c0_ v3_;
  print v10_;
  ret;
}
