---
source: tests/files.rs
expression: visualization.result
---
@main(v0: bool) {
  v1_: int = const 1;
  v2_: ptr<int> = alloc v1_;
  br v0 .v3_ .v4_;
.v3_:
  v5_: int = const 2;
  store v2_ v5_;
  v6_: ptr<int> = id v2_;
  jmp .v7_;
.v4_:
  v8_: int = const 3;
  store v2_ v8_;
  v6_: ptr<int> = id v2_;
.v7_:
  v9_: int = load v2_;
  print v9_;
  free v2_;
}
