---
source: tests/files.rs
expression: visualization.result
---
# ARGS: 16.0
@main(v0: float) {
  c1_: float = const 0;
  v2_: bool = feq v0 c1_;
  br v2_ .b3_ .b4_;
.b3_:
  print c1_;
  ret;
  jmp .b5_;
.b4_:
  v6_: bool = feq v0 v0;
  v7_: bool = flt v0 c1_;
  v8_: bool = not v7_;
  c9_: bool = const false;
  v10_: bool = select v6_ v8_ c9_;
  v11_: float = id c1_;
  v12_: bool = id c9_;
  br v6_ .b13_ .b14_;
.b13_:
  v15_: bool = flt v0 c1_;
  v16_: float = id c1_;
  v17_: bool = id c9_;
  br v15_ .b18_ .b19_;
.b18_:
  v11_: float = id v16_;
  v12_: bool = id v17_;
.b14_:
  br v10_ .b20_ .b21_;
.b20_:
  ret;
  jmp .b5_;
.b21_:
  v22_: float = fdiv v11_ v11_;
  print v22_;
  ret;
  jmp .b5_;
.b19_:
  c23_: float = const 1;
  c24_: float = const 1.0000000001;
  c25_: float = const 0.9999999999;
  c26_: float = const 2;
  v27_: float = id c1_;
  v28_: float = id c23_;
  v29_: float = id c24_;
  v30_: float = id c25_;
  v31_: float = id c26_;
  v32_: float = id v0;
.b33_:
  v34_: float = fdiv v32_ v28_;
  v35_: float = fadd v28_ v34_;
  v36_: float = fdiv v35_ v31_;
  v37_: float = fdiv v36_ v28_;
  v38_: bool = fge v37_ v30_;
  v39_: bool = fle v37_ v29_;
  v40_: bool = and v38_ v39_;
  v41_: bool = not v40_;
  v27_: float = id v27_;
  v28_: float = id v36_;
  v29_: float = id v29_;
  v30_: float = id v30_;
  v31_: float = id v31_;
  v32_: float = id v32_;
  br v41_ .b33_ .b42_;
.b42_:
  print v28_;
  c43_: bool = const true;
  v16_: float = id v27_;
  v17_: bool = id c43_;
  v11_: float = id v16_;
  v12_: bool = id v17_;
  jmp .b14_;
.b5_:
}
