---
source: tests/files.rs
expression: visualization.result
---
# ARGS: 
@main {
.b0_:
  c1_: int = const 0;
  c2_: int = const 1;
  c3_: int = const 3;
  c4_: int = const 150;
  c5_: int = const 5;
  c6_: int = const 300;
  v7_: int = id c1_;
  v8_: int = id c2_;
  v9_: int = id c1_;
  v10_: int = id c3_;
  v11_: int = id c4_;
  v12_: int = id c5_;
  v13_: int = id c6_;
.b14_:
  v15_: int = mul v12_ v9_;
  print v15_;
  v16_: int = add v7_ v8_;
  v17_: bool = eq v11_ v7_;
  v18_: int = add v8_ v9_;
  v19_: int = add v10_ v18_;
  v20_: int = select v17_ v19_ v18_;
  v21_: bool = lt v16_ v13_;
  v7_: int = id v16_;
  v8_: int = id v8_;
  v9_: int = id v20_;
  v10_: int = id v10_;
  v11_: int = id v11_;
  v12_: int = id v12_;
  v13_: int = id v13_;
  br v21_ .b14_ .b22_;
.b22_:
  ret;
}
