---
source: tests/files.rs
expression: visualization.result
---
# ARGS: 
@init(v0: ptr<float>, v1: ptr<float>, v2: ptr<float>, v3: ptr<float>, v4: ptr<float>, v5: int, v6: float) {
  c7_: float = const 0;
  c8_: float = const 1;
  c9_: int = const 0;
  c10_: int = const 1;
  c11_: float = const 4;
  c12_: float = const 3;
  v13_: float = id c7_;
  v14_: float = id c8_;
  v15_: int = id c9_;
  v16_: int = id c10_;
  v17_: ptr<float> = id v4;
  v18_: int = id v5;
  v19_: float = id v6;
  v20_: ptr<float> = id v3;
  v21_: float = id c11_;
  v22_: ptr<float> = id v2;
  v23_: float = id c12_;
  v24_: ptr<float> = id v1;
  v25_: ptr<float> = id v0;
.b26_:
  v27_: bool = lt v15_ v18_;
  v28_: float = id v13_;
  v29_: float = id v14_;
  v30_: int = id v15_;
  v31_: int = id v16_;
  v32_: ptr<float> = id v17_;
  v33_: int = id v18_;
  v34_: float = id v19_;
  v35_: ptr<float> = id v20_;
  v36_: float = id v21_;
  v37_: ptr<float> = id v22_;
  v38_: float = id v23_;
  v39_: ptr<float> = id v24_;
  v40_: ptr<float> = id v25_;
  br v27_ .b41_ .b42_;
.b41_:
  c43_: int = const 0;
  v44_: bool = lt c43_ v18_;
  v45_: ptr<float> = ptradd v20_ v15_;
  v46_: ptr<float> = ptradd v22_ v15_;
  v47_: ptr<float> = ptradd v24_ v15_;
  v48_: ptr<float> = ptradd v25_ v15_;
  c49_: float = const 2;
  c50_: float = const 0;
  v51_: float = id v13_;
  v52_: float = id c49_;
  v53_: float = id c50_;
  v54_: float = id v19_;
.b55_:
  v56_: bool = fge v51_ v54_;
  v57_: float = id v51_;
  v58_: float = id v52_;
  v59_: float = id v53_;
  v60_: float = id v54_;
  br v56_ .b61_ .b62_;
.b61_:
  v63_: float = fsub v51_ v54_;
  v64_: bool = fge v63_ v53_;
  v65_: float = id v51_;
  v66_: float = id v54_;
  v67_: float = id v52_;
  v68_: float = id v53_;
  v69_: float = id v54_;
  br v64_ .b70_ .b71_;
.b70_:
  v72_: float = id v51_;
  v73_: float = id v54_;
  v74_: float = id v52_;
  v75_: float = id v53_;
  v76_: float = id v54_;
.b77_:
  v78_: float = fmul v73_ v74_;
  v79_: float = fsub v72_ v78_;
  v80_: bool = fge v79_ v75_;
  v81_: float = id v72_;
  v73_: float = id v78_;
  v82_: float = id v74_;
  v83_: float = id v75_;
  v84_: float = id v76_;
  v72_: float = id v81_;
  v74_: float = id v82_;
  v75_: float = id v83_;
  v76_: float = id v84_;
  br v80_ .b77_ .b85_;
.b85_:
  v65_: float = id v72_;
  v66_: float = id v73_;
  v67_: float = id v74_;
  v68_: float = id v75_;
  v69_: float = id v76_;
.b71_:
  v86_: float = fdiv v66_ v67_;
  v87_: float = fsub v65_ v86_;
  v57_: float = id v87_;
  v58_: float = id v67_;
  v59_: float = id v68_;
  v60_: float = id v69_;
  v51_: float = id v57_;
  v52_: float = id v58_;
  v53_: float = id v59_;
  v54_: float = id v60_;
  jmp .b55_;
.b62_:
  v51_: float = id v57_;
  v52_: float = id v58_;
  v53_: float = id v59_;
  v54_: float = id v60_;
  v88_: float = fdiv v51_ v19_;
  store v48_ v88_;
  v89_: float = fadd v13_ v14_;
  v90_: float = id v89_;
  v91_: float = id c49_;
  v92_: float = id c50_;
  v93_: float = id v19_;
.b94_:
  v95_: bool = fge v90_ v93_;
  v96_: float = id v90_;
  v97_: float = id v91_;
  v98_: float = id v92_;
  v99_: float = id v93_;
  br v95_ .b100_ .b101_;
.b100_:
  v102_: float = fsub v90_ v93_;
  v103_: bool = fge v102_ v92_;
  v104_: float = id v90_;
  v105_: float = id v93_;
  v106_: float = id v91_;
  v107_: float = id v92_;
  v108_: float = id v93_;
  br v103_ .b109_ .b110_;
.b109_:
  v111_: float = id v90_;
  v112_: float = id v93_;
  v113_: float = id v91_;
  v114_: float = id v92_;
  v115_: float = id v93_;
.b116_:
  v117_: float = fmul v112_ v113_;
  v118_: float = fsub v111_ v117_;
  v119_: bool = fge v118_ v114_;
  v120_: float = id v111_;
  v112_: float = id v117_;
  v121_: float = id v113_;
  v122_: float = id v114_;
  v123_: float = id v115_;
  v111_: float = id v120_;
  v113_: float = id v121_;
  v114_: float = id v122_;
  v115_: float = id v123_;
  br v119_ .b116_ .b124_;
.b124_:
  v104_: float = id v111_;
  v105_: float = id v112_;
  v106_: float = id v113_;
  v107_: float = id v114_;
  v108_: float = id v115_;
.b110_:
  v125_: float = fdiv v105_ v106_;
  v126_: float = fsub v104_ v125_;
  v96_: float = id v126_;
  v97_: float = id v106_;
  v98_: float = id v107_;
  v99_: float = id v108_;
  v90_: float = id v96_;
  v91_: float = id v97_;
  v92_: float = id v98_;
  v93_: float = id v99_;
  jmp .b94_;
.b101_:
  v90_: float = id v96_;
  v91_: float = id v97_;
  v92_: float = id v98_;
  v93_: float = id v99_;
  v127_: float = fdiv v90_ v19_;
  store v47_ v127_;
  v128_: float = fadd v13_ v23_;
  v129_: float = id v128_;
  v130_: float = id c49_;
  v131_: float = id c50_;
  v132_: float = id v19_;
.b133_:
  v134_: bool = fge v129_ v132_;
  v135_: float = id v129_;
  v136_: float = id v130_;
  v137_: float = id v131_;
  v138_: float = id v132_;
  br v134_ .b139_ .b140_;
.b139_:
  v141_: float = fsub v129_ v132_;
  v142_: bool = fge v141_ v131_;
  v143_: float = id v129_;
  v144_: float = id v132_;
  v145_: float = id v130_;
  v146_: float = id v131_;
  v147_: float = id v132_;
  br v142_ .b148_ .b149_;
.b148_:
  v150_: float = id v129_;
  v151_: float = id v132_;
  v152_: float = id v130_;
  v153_: float = id v131_;
  v154_: float = id v132_;
.b155_:
  v156_: float = fmul v151_ v152_;
  v157_: float = fsub v150_ v156_;
  v158_: bool = fge v157_ v153_;
  v159_: float = id v150_;
  v151_: float = id v156_;
  v160_: float = id v152_;
  v161_: float = id v153_;
  v162_: float = id v154_;
  v150_: float = id v159_;
  v152_: float = id v160_;
  v153_: float = id v161_;
  v154_: float = id v162_;
  br v158_ .b155_ .b163_;
.b163_:
  v143_: float = id v150_;
  v144_: float = id v151_;
  v145_: float = id v152_;
  v146_: float = id v153_;
  v147_: float = id v154_;
.b149_:
  v164_: float = fdiv v144_ v145_;
  v165_: float = fsub v143_ v164_;
  v135_: float = id v165_;
  v136_: float = id v145_;
  v137_: float = id v146_;
  v138_: float = id v147_;
  v129_: float = id v135_;
  v130_: float = id v136_;
  v131_: float = id v137_;
  v132_: float = id v138_;
  jmp .b133_;
.b140_:
  v129_: float = id v135_;
  v130_: float = id v136_;
  v131_: float = id v137_;
  v132_: float = id v138_;
  v166_: float = fdiv v129_ v19_;
  store v46_ v166_;
  v167_: float = fadd v13_ v21_;
  v168_: float = id v167_;
  v169_: float = id c49_;
  v170_: float = id c50_;
  v171_: float = id v19_;
.b172_:
  v173_: bool = fge v168_ v171_;
  v174_: float = id v168_;
  v175_: float = id v169_;
  v176_: float = id v170_;
  v177_: float = id v171_;
  br v173_ .b178_ .b179_;
.b178_:
  v180_: float = fsub v168_ v171_;
  v181_: bool = fge v180_ v170_;
  v182_: float = id v168_;
  v183_: float = id v171_;
  v184_: float = id v169_;
  v185_: float = id v170_;
  v186_: float = id v171_;
  br v181_ .b187_ .b188_;
.b187_:
  v189_: float = id v168_;
  v190_: float = id v171_;
  v191_: float = id v169_;
  v192_: float = id v170_;
  v193_: float = id v171_;
.b194_:
  v195_: float = fmul v190_ v191_;
  v196_: float = fsub v189_ v195_;
  v197_: bool = fge v196_ v192_;
  v198_: float = id v189_;
  v190_: float = id v195_;
  v199_: float = id v191_;
  v200_: float = id v192_;
  v201_: float = id v193_;
  v189_: float = id v198_;
  v191_: float = id v199_;
  v192_: float = id v200_;
  v193_: float = id v201_;
  br v197_ .b194_ .b202_;
.b202_:
  v182_: float = id v189_;
  v183_: float = id v190_;
  v184_: float = id v191_;
  v185_: float = id v192_;
  v186_: float = id v193_;
.b188_:
  v203_: float = fdiv v183_ v184_;
  v204_: float = fsub v182_ v203_;
  v174_: float = id v204_;
  v175_: float = id v184_;
  v176_: float = id v185_;
  v177_: float = id v186_;
  v168_: float = id v174_;
  v169_: float = id v175_;
  v170_: float = id v176_;
  v171_: float = id v177_;
  jmp .b172_;
.b179_:
  v168_: float = id v174_;
  v169_: float = id v175_;
  v170_: float = id v176_;
  v171_: float = id v177_;
  v205_: float = fdiv v168_ v19_;
  store v45_ v205_;
  v206_: float = id v13_;
  v207_: float = id v14_;
  v208_: int = id v15_;
  v209_: int = id v16_;
  v210_: float = id c50_;
  v211_: int = id c43_;
  v212_: ptr<float> = id v17_;
  v213_: int = id v18_;
  v214_: float = id v19_;
  v215_: ptr<float> = id v20_;
  v216_: float = id v21_;
  v217_: ptr<float> = id v22_;
  v218_: float = id v23_;
  v219_: ptr<float> = id v24_;
  v220_: ptr<float> = id v25_;
  br v44_ .b221_ .b222_;
.b221_:
  v223_: float = id v13_;
  v224_: float = id v14_;
  v225_: int = id v15_;
  v226_: int = id v16_;
  v227_: float = id c50_;
  v228_: int = id c43_;
  v229_: ptr<float> = id v17_;
  v230_: int = id v18_;
  v231_: float = id v19_;
  v232_: ptr<float> = id v20_;
  v233_: float = id v21_;
  v234_: ptr<float> = id v22_;
  v235_: float = id v23_;
  v236_: ptr<float> = id v24_;
  v237_: ptr<float> = id v25_;
.b238_:
  v239_: int = mul v225_ v230_;
  v240_: int = add v228_ v239_;
  v241_: ptr<float> = ptradd v229_ v240_;
  v242_: float = fmul v223_ v227_;
  c243_: float = const 2;
  c244_: float = const 0;
  v245_: float = id v242_;
  v246_: float = id c243_;
  v247_: float = id c244_;
  v248_: float = id v231_;
.b249_:
  v250_: bool = fge v245_ v248_;
  v251_: float = id v245_;
  v252_: float = id v246_;
  v253_: float = id v247_;
  v254_: float = id v248_;
  br v250_ .b255_ .b256_;
.b255_:
  v257_: float = fsub v245_ v248_;
  v258_: bool = fge v257_ v247_;
  v259_: float = id v245_;
  v260_: float = id v248_;
  v261_: float = id v246_;
  v262_: float = id v247_;
  v263_: float = id v248_;
  br v258_ .b264_ .b265_;
.b264_:
  v266_: float = id v245_;
  v267_: float = id v248_;
  v268_: float = id v246_;
  v269_: float = id v247_;
  v270_: float = id v248_;
.b271_:
  v272_: float = fmul v267_ v268_;
  v273_: float = fsub v266_ v272_;
  v274_: bool = fge v273_ v269_;
  v275_: float = id v266_;
  v267_: float = id v272_;
  v276_: float = id v268_;
  v277_: float = id v269_;
  v278_: float = id v270_;
  v266_: float = id v275_;
  v268_: float = id v276_;
  v269_: float = id v277_;
  v270_: float = id v278_;
  br v274_ .b271_ .b279_;
.b279_:
  v259_: float = id v266_;
  v260_: float = id v267_;
  v261_: float = id v268_;
  v262_: float = id v269_;
  v263_: float = id v270_;
.b265_:
  v280_: float = fdiv v260_ v261_;
  v281_: float = fsub v259_ v280_;
  v251_: float = id v281_;
  v252_: float = id v261_;
  v253_: float = id v262_;
  v254_: float = id v263_;
  v245_: float = id v251_;
  v246_: float = id v252_;
  v247_: float = id v253_;
  v248_: float = id v254_;
  jmp .b249_;
.b256_:
  v245_: float = id v251_;
  v246_: float = id v252_;
  v247_: float = id v253_;
  v248_: float = id v254_;
  v282_: float = fdiv v245_ v231_;
  store v241_ v282_;
  v283_: float = fadd v227_ v224_;
  v284_: int = add v226_ v228_;
  v285_: bool = lt v284_ v230_;
  v286_: float = id v223_;
  v287_: float = id v224_;
  v288_: int = id v225_;
  v289_: int = id v226_;
  v227_: float = id v283_;
  v228_: int = id v284_;
  v290_: ptr<float> = id v229_;
  v291_: int = id v230_;
  v292_: float = id v231_;
  v293_: ptr<float> = id v232_;
  v294_: float = id v233_;
  v295_: ptr<float> = id v234_;
  v296_: float = id v235_;
  v297_: ptr<float> = id v236_;
  v298_: ptr<float> = id v237_;
  v223_: float = id v286_;
  v224_: float = id v287_;
  v225_: int = id v288_;
  v226_: int = id v289_;
  v229_: ptr<float> = id v290_;
  v230_: int = id v291_;
  v231_: float = id v292_;
  v232_: ptr<float> = id v293_;
  v233_: float = id v294_;
  v234_: ptr<float> = id v295_;
  v235_: float = id v296_;
  v236_: ptr<float> = id v297_;
  v237_: ptr<float> = id v298_;
  br v285_ .b238_ .b299_;
.b299_:
  v206_: float = id v223_;
  v207_: float = id v224_;
  v208_: int = id v225_;
  v209_: int = id v226_;
  v210_: float = id v227_;
  v211_: int = id v228_;
  v212_: ptr<float> = id v229_;
  v213_: int = id v230_;
  v214_: float = id v231_;
  v215_: ptr<float> = id v232_;
  v216_: float = id v233_;
  v217_: ptr<float> = id v234_;
  v218_: float = id v235_;
  v219_: ptr<float> = id v236_;
  v220_: ptr<float> = id v237_;
.b222_:
  v300_: float = fadd v206_ v207_;
  v301_: int = add v15_ v16_;
  v28_: float = id v300_;
  v29_: float = id v207_;
  v30_: int = id v301_;
  v31_: int = id v16_;
  v32_: ptr<float> = id v212_;
  v33_: int = id v18_;
  v34_: float = id v214_;
  v35_: ptr<float> = id v215_;
  v36_: float = id v216_;
  v37_: ptr<float> = id v217_;
  v38_: float = id v218_;
  v39_: ptr<float> = id v219_;
  v40_: ptr<float> = id v220_;
  v13_: float = id v28_;
  v14_: float = id v29_;
  v15_: int = id v30_;
  v16_: int = id v31_;
  v17_: ptr<float> = id v32_;
  v18_: int = id v33_;
  v19_: float = id v34_;
  v20_: ptr<float> = id v35_;
  v21_: float = id v36_;
  v22_: ptr<float> = id v37_;
  v23_: float = id v38_;
  v24_: ptr<float> = id v39_;
  v25_: ptr<float> = id v40_;
  jmp .b26_;
.b42_:
  v13_: float = id v28_;
  v14_: float = id v29_;
  v15_: int = id v30_;
  v16_: int = id v31_;
  v17_: ptr<float> = id v32_;
  v18_: int = id v33_;
  v19_: float = id v34_;
  v20_: ptr<float> = id v35_;
  v21_: float = id v36_;
  v22_: ptr<float> = id v37_;
  v23_: float = id v38_;
  v24_: ptr<float> = id v39_;
  v25_: ptr<float> = id v40_;
  ret;
}
@vector_new(v0: int): ptr<float> {
  v1_: ptr<float> = alloc v0;
  ret v1_;
}
@vector_get(v0: ptr<float>, v1: int): float {
  v2_: ptr<float> = ptradd v0 v1;
  v3_: float = load v2_;
  ret v3_;
}
@vector_set(v0: ptr<float>, v1: int, v2: float) {
  v3_: ptr<float> = ptradd v0 v1;
  store v3_ v2;
  ret;
}
@vector_sum(v0: ptr<float>, v1: int): float {
  c2_: int = const 0;
  v3_: bool = lt c2_ v1;
  c4_: float = const 0;
  c5_: int = const 1;
  v6_: float = id c4_;
  v7_: int = id c2_;
  v8_: int = id c5_;
  v9_: ptr<float> = id v0;
  v10_: int = id v1;
  br v3_ .b11_ .b12_;
.b11_:
  v13_: float = id c4_;
  v14_: int = id c2_;
  v15_: int = id c5_;
  v16_: ptr<float> = id v0;
  v17_: int = id v1;
.b18_:
  v19_: ptr<float> = ptradd v16_ v14_;
  v20_: float = load v19_;
  v21_: float = fadd v13_ v20_;
  v22_: int = add v14_ v15_;
  v23_: bool = lt v22_ v17_;
  v13_: float = id v21_;
  v14_: int = id v22_;
  v24_: int = id v15_;
  v25_: ptr<float> = id v16_;
  v26_: int = id v17_;
  v15_: int = id v24_;
  v16_: ptr<float> = id v25_;
  v17_: int = id v26_;
  br v23_ .b18_ .b27_;
.b27_:
  v6_: float = id v13_;
  v7_: int = id v14_;
  v8_: int = id v15_;
  v9_: ptr<float> = id v16_;
  v10_: int = id v17_;
  ret v6_;
  jmp .b28_;
.b12_:
  ret v6_;
.b28_:
}
@matrix_new(v0: int, v1: int): ptr<float> {
  v2_: int = mul v0 v1;
  v3_: ptr<float> = alloc v2_;
  ret v3_;
}
@matrix_loc(v0: ptr<float>, v1: int, v2: int, v3: int): ptr<float> {
  v4_: int = mul v1 v3;
  v5_: int = add v2 v4_;
  v6_: ptr<float> = ptradd v0 v5_;
  ret v6_;
}
@matrix_get(v0: ptr<float>, v1: int, v2: int, v3: int): float {
  v4_: int = mul v1 v3;
  v5_: int = add v2 v4_;
  v6_: ptr<float> = ptradd v0 v5_;
  v7_: float = load v6_;
  ret v7_;
}
@matrix_set(v0: ptr<float>, v1: int, v2: int, v3: int, v4: float) {
  v5_: int = mul v1 v3;
  v6_: int = add v2 v5_;
  v7_: ptr<float> = ptradd v0 v6_;
  store v7_ v4;
  ret;
}
@fmod(v0: float, v1: float): float {
  c2_: float = const 2;
  c3_: float = const 0;
  v4_: float = id v0;
  v5_: float = id c2_;
  v6_: float = id c3_;
  v7_: float = id v1;
.b8_:
  v9_: bool = fge v4_ v7_;
  v10_: float = id v4_;
  v11_: float = id v5_;
  v12_: float = id v6_;
  v13_: float = id v7_;
  br v9_ .b14_ .b15_;
.b14_:
  v16_: float = fsub v4_ v7_;
  v17_: bool = fge v16_ v6_;
  v18_: float = id v4_;
  v19_: float = id v7_;
  v20_: float = id v5_;
  v21_: float = id v6_;
  v22_: float = id v7_;
  br v17_ .b23_ .b24_;
.b23_:
  v25_: float = id v4_;
  v26_: float = id v7_;
  v27_: float = id v5_;
  v28_: float = id v6_;
  v29_: float = id v7_;
.b30_:
  v31_: float = fmul v26_ v27_;
  v32_: float = fsub v25_ v31_;
  v33_: bool = fge v32_ v28_;
  v34_: float = id v25_;
  v26_: float = id v31_;
  v35_: float = id v27_;
  v36_: float = id v28_;
  v37_: float = id v29_;
  v25_: float = id v34_;
  v27_: float = id v35_;
  v28_: float = id v36_;
  v29_: float = id v37_;
  br v33_ .b30_ .b38_;
.b38_:
  v18_: float = id v25_;
  v19_: float = id v26_;
  v20_: float = id v27_;
  v21_: float = id v28_;
  v22_: float = id v29_;
.b24_:
  v39_: float = fdiv v19_ v20_;
  v40_: float = fsub v18_ v39_;
  v10_: float = id v40_;
  v11_: float = id v20_;
  v12_: float = id v21_;
  v13_: float = id v22_;
  v4_: float = id v10_;
  v5_: float = id v11_;
  v6_: float = id v12_;
  v7_: float = id v13_;
  jmp .b8_;
.b15_:
  v4_: float = id v10_;
  v5_: float = id v11_;
  v6_: float = id v12_;
  v7_: float = id v13_;
  ret v4_;
}
@main {
  c0_: int = const 160000;
  c1_: int = const 400;
  v2_: ptr<float> = alloc c1_;
  v3_: ptr<float> = alloc c1_;
  v4_: ptr<float> = alloc c1_;
  v5_: ptr<float> = alloc c1_;
  v6_: ptr<float> = alloc c0_;
  c7_: float = const 0;
  c8_: float = const 1;
  c9_: int = const 0;
  c10_: int = const 1;
  c11_: float = const 400;
  c12_: float = const 4;
  c13_: float = const 3;
  v14_: float = id c7_;
  v15_: float = id c8_;
  v16_: int = id c9_;
  v17_: int = id c10_;
  v18_: ptr<float> = id v6_;
  v19_: int = id c1_;
  v20_: float = id c11_;
  v21_: ptr<float> = id v5_;
  v22_: float = id c12_;
  v23_: ptr<float> = id v4_;
  v24_: float = id c13_;
  v25_: ptr<float> = id v3_;
  v26_: ptr<float> = id v2_;
.b27_:
  v28_: bool = lt v16_ v19_;
  v29_: float = id v14_;
  v30_: float = id v15_;
  v31_: int = id v16_;
  v32_: int = id v17_;
  v33_: ptr<float> = id v18_;
  v34_: int = id v19_;
  v35_: float = id v20_;
  v36_: ptr<float> = id v21_;
  v37_: float = id v22_;
  v38_: ptr<float> = id v23_;
  v39_: float = id v24_;
  v40_: ptr<float> = id v25_;
  v41_: ptr<float> = id v26_;
  br v28_ .b42_ .b43_;
.b42_:
  v44_: ptr<float> = ptradd v21_ v16_;
  v45_: ptr<float> = ptradd v23_ v16_;
  v46_: ptr<float> = ptradd v25_ v16_;
  v47_: ptr<float> = ptradd v26_ v16_;
  c48_: float = const 2;
  c49_: float = const 0;
  v50_: float = id v14_;
  v51_: float = id c48_;
  v52_: float = id c49_;
  v53_: float = id v20_;
.b54_:
  v55_: bool = fge v50_ v53_;
  v56_: float = id v50_;
  v57_: float = id v51_;
  v58_: float = id v52_;
  v59_: float = id v53_;
  br v55_ .b60_ .b61_;
.b60_:
  v62_: float = fsub v50_ v53_;
  v63_: bool = fge v62_ v52_;
  v64_: float = id v50_;
  v65_: float = id v53_;
  v66_: float = id v51_;
  v67_: float = id v52_;
  v68_: float = id v53_;
  br v63_ .b69_ .b70_;
.b69_:
  v71_: float = id v50_;
  v72_: float = id v53_;
  v73_: float = id v51_;
  v74_: float = id v52_;
  v75_: float = id v53_;
.b76_:
  v77_: float = fmul v72_ v73_;
  v78_: float = fsub v71_ v77_;
  v79_: bool = fge v78_ v74_;
  v80_: float = id v71_;
  v72_: float = id v77_;
  v81_: float = id v73_;
  v82_: float = id v74_;
  v83_: float = id v75_;
  v71_: float = id v80_;
  v73_: float = id v81_;
  v74_: float = id v82_;
  v75_: float = id v83_;
  br v79_ .b76_ .b84_;
.b84_:
  v64_: float = id v71_;
  v65_: float = id v72_;
  v66_: float = id v73_;
  v67_: float = id v74_;
  v68_: float = id v75_;
.b70_:
  v85_: float = fdiv v65_ v66_;
  v86_: float = fsub v64_ v85_;
  v56_: float = id v86_;
  v57_: float = id v66_;
  v58_: float = id v67_;
  v59_: float = id v68_;
  v50_: float = id v56_;
  v51_: float = id v57_;
  v52_: float = id v58_;
  v53_: float = id v59_;
  jmp .b54_;
.b61_:
  v50_: float = id v56_;
  v51_: float = id v57_;
  v52_: float = id v58_;
  v53_: float = id v59_;
  v87_: float = fdiv v50_ v20_;
  store v47_ v87_;
  v88_: float = fadd v14_ v15_;
  v89_: float = id v88_;
  v90_: float = id c48_;
  v91_: float = id c49_;
  v92_: float = id v20_;
.b93_:
  v94_: bool = fge v89_ v92_;
  v95_: float = id v89_;
  v96_: float = id v90_;
  v97_: float = id v91_;
  v98_: float = id v92_;
  br v94_ .b99_ .b100_;
.b99_:
  v101_: float = fsub v89_ v92_;
  v102_: bool = fge v101_ v91_;
  v103_: float = id v89_;
  v104_: float = id v92_;
  v105_: float = id v90_;
  v106_: float = id v91_;
  v107_: float = id v92_;
  br v102_ .b108_ .b109_;
.b108_:
  v110_: float = id v89_;
  v111_: float = id v92_;
  v112_: float = id v90_;
  v113_: float = id v91_;
  v114_: float = id v92_;
.b115_:
  v116_: float = fmul v111_ v112_;
  v117_: float = fsub v110_ v116_;
  v118_: bool = fge v117_ v113_;
  v119_: float = id v110_;
  v111_: float = id v116_;
  v120_: float = id v112_;
  v121_: float = id v113_;
  v122_: float = id v114_;
  v110_: float = id v119_;
  v112_: float = id v120_;
  v113_: float = id v121_;
  v114_: float = id v122_;
  br v118_ .b115_ .b123_;
.b123_:
  v103_: float = id v110_;
  v104_: float = id v111_;
  v105_: float = id v112_;
  v106_: float = id v113_;
  v107_: float = id v114_;
.b109_:
  v124_: float = fdiv v104_ v105_;
  v125_: float = fsub v103_ v124_;
  v95_: float = id v125_;
  v96_: float = id v105_;
  v97_: float = id v106_;
  v98_: float = id v107_;
  v89_: float = id v95_;
  v90_: float = id v96_;
  v91_: float = id v97_;
  v92_: float = id v98_;
  jmp .b93_;
.b100_:
  v89_: float = id v95_;
  v90_: float = id v96_;
  v91_: float = id v97_;
  v92_: float = id v98_;
  v126_: float = fdiv v89_ v20_;
  store v46_ v126_;
  v127_: float = fadd v14_ v24_;
  v128_: float = id v127_;
  v129_: float = id c48_;
  v130_: float = id c49_;
  v131_: float = id v20_;
.b132_:
  v133_: bool = fge v128_ v131_;
  v134_: float = id v128_;
  v135_: float = id v129_;
  v136_: float = id v130_;
  v137_: float = id v131_;
  br v133_ .b138_ .b139_;
.b138_:
  v140_: float = fsub v128_ v131_;
  v141_: bool = fge v140_ v130_;
  v142_: float = id v128_;
  v143_: float = id v131_;
  v144_: float = id v129_;
  v145_: float = id v130_;
  v146_: float = id v131_;
  br v141_ .b147_ .b148_;
.b147_:
  v149_: float = id v128_;
  v150_: float = id v131_;
  v151_: float = id v129_;
  v152_: float = id v130_;
  v153_: float = id v131_;
.b154_:
  v155_: float = fmul v150_ v151_;
  v156_: float = fsub v149_ v155_;
  v157_: bool = fge v156_ v152_;
  v158_: float = id v149_;
  v150_: float = id v155_;
  v159_: float = id v151_;
  v160_: float = id v152_;
  v161_: float = id v153_;
  v149_: float = id v158_;
  v151_: float = id v159_;
  v152_: float = id v160_;
  v153_: float = id v161_;
  br v157_ .b154_ .b162_;
.b162_:
  v142_: float = id v149_;
  v143_: float = id v150_;
  v144_: float = id v151_;
  v145_: float = id v152_;
  v146_: float = id v153_;
.b148_:
  v163_: float = fdiv v143_ v144_;
  v164_: float = fsub v142_ v163_;
  v134_: float = id v164_;
  v135_: float = id v144_;
  v136_: float = id v145_;
  v137_: float = id v146_;
  v128_: float = id v134_;
  v129_: float = id v135_;
  v130_: float = id v136_;
  v131_: float = id v137_;
  jmp .b132_;
.b139_:
  v128_: float = id v134_;
  v129_: float = id v135_;
  v130_: float = id v136_;
  v131_: float = id v137_;
  v165_: float = fdiv v128_ v20_;
  store v45_ v165_;
  v166_: float = fadd v14_ v22_;
  v167_: float = id v166_;
  v168_: float = id c48_;
  v169_: float = id c49_;
  v170_: float = id v20_;
.b171_:
  v172_: bool = fge v167_ v170_;
  v173_: float = id v167_;
  v174_: float = id v168_;
  v175_: float = id v169_;
  v176_: float = id v170_;
  br v172_ .b177_ .b178_;
.b177_:
  v179_: float = fsub v167_ v170_;
  v180_: bool = fge v179_ v169_;
  v181_: float = id v167_;
  v182_: float = id v170_;
  v183_: float = id v168_;
  v184_: float = id v169_;
  v185_: float = id v170_;
  br v180_ .b186_ .b187_;
.b186_:
  v188_: float = id v167_;
  v189_: float = id v170_;
  v190_: float = id v168_;
  v191_: float = id v169_;
  v192_: float = id v170_;
.b193_:
  v194_: float = fmul v189_ v190_;
  v195_: float = fsub v188_ v194_;
  v196_: bool = fge v195_ v191_;
  v197_: float = id v188_;
  v189_: float = id v194_;
  v198_: float = id v190_;
  v199_: float = id v191_;
  v200_: float = id v192_;
  v188_: float = id v197_;
  v190_: float = id v198_;
  v191_: float = id v199_;
  v192_: float = id v200_;
  br v196_ .b193_ .b201_;
.b201_:
  v181_: float = id v188_;
  v182_: float = id v189_;
  v183_: float = id v190_;
  v184_: float = id v191_;
  v185_: float = id v192_;
.b187_:
  v202_: float = fdiv v182_ v183_;
  v203_: float = fsub v181_ v202_;
  v173_: float = id v203_;
  v174_: float = id v183_;
  v175_: float = id v184_;
  v176_: float = id v185_;
  v167_: float = id v173_;
  v168_: float = id v174_;
  v169_: float = id v175_;
  v170_: float = id v176_;
  jmp .b171_;
.b178_:
  v167_: float = id v173_;
  v168_: float = id v174_;
  v169_: float = id v175_;
  v170_: float = id v176_;
  v204_: float = fdiv v167_ v20_;
  store v44_ v204_;
  c205_: int = const 0;
  v206_: float = id v14_;
  v207_: float = id v15_;
  v208_: int = id v16_;
  v209_: int = id v17_;
  v210_: float = id c49_;
  v211_: int = id c205_;
  v212_: ptr<float> = id v18_;
  v213_: int = id v19_;
  v214_: float = id v20_;
  v215_: ptr<float> = id v21_;
  v216_: float = id v22_;
  v217_: ptr<float> = id v23_;
  v218_: float = id v24_;
  v219_: ptr<float> = id v25_;
  v220_: ptr<float> = id v26_;
.b221_:
  v222_: float = fmul v206_ v210_;
  c223_: float = const 2;
  c224_: float = const 0;
  v225_: float = id v222_;
  v226_: float = id c223_;
  v227_: float = id c224_;
  v228_: float = id v214_;
.b229_:
  v230_: bool = fge v225_ v228_;
  v231_: float = id v225_;
  v232_: float = id v226_;
  v233_: float = id v227_;
  v234_: float = id v228_;
  br v230_ .b235_ .b236_;
.b235_:
  v237_: float = fsub v225_ v228_;
  v238_: bool = fge v237_ v227_;
  v239_: float = id v225_;
  v240_: float = id v228_;
  v241_: float = id v226_;
  v242_: float = id v227_;
  v243_: float = id v228_;
  br v238_ .b244_ .b245_;
.b244_:
  v246_: float = id v225_;
  v247_: float = id v228_;
  v248_: float = id v226_;
  v249_: float = id v227_;
  v250_: float = id v228_;
.b251_:
  v252_: float = fmul v247_ v248_;
  v253_: float = fsub v246_ v252_;
  v254_: bool = fge v253_ v249_;
  v255_: float = id v246_;
  v247_: float = id v252_;
  v256_: float = id v248_;
  v257_: float = id v249_;
  v258_: float = id v250_;
  v246_: float = id v255_;
  v248_: float = id v256_;
  v249_: float = id v257_;
  v250_: float = id v258_;
  br v254_ .b251_ .b259_;
.b259_:
  v239_: float = id v246_;
  v240_: float = id v247_;
  v241_: float = id v248_;
  v242_: float = id v249_;
  v243_: float = id v250_;
.b245_:
  v260_: float = fdiv v240_ v241_;
  v261_: float = fsub v239_ v260_;
  v231_: float = id v261_;
  v232_: float = id v241_;
  v233_: float = id v242_;
  v234_: float = id v243_;
  v225_: float = id v231_;
  v226_: float = id v232_;
  v227_: float = id v233_;
  v228_: float = id v234_;
  jmp .b229_;
.b236_:
  v225_: float = id v231_;
  v226_: float = id v232_;
  v227_: float = id v233_;
  v228_: float = id v234_;
  v262_: ptr<float> = call @matrix_loc v212_ v208_ v211_ v213_;
  v263_: float = fdiv v225_ v214_;
  store v262_ v263_;
  v264_: float = fadd v210_ v207_;
  v265_: int = add v209_ v211_;
  v266_: bool = lt v265_ v213_;
  v267_: float = id v206_;
  v268_: float = id v207_;
  v269_: int = id v208_;
  v270_: int = id v209_;
  v210_: float = id v264_;
  v211_: int = id v265_;
  v271_: ptr<float> = id v212_;
  v272_: int = id v213_;
  v273_: float = id v214_;
  v274_: ptr<float> = id v215_;
  v275_: float = id v216_;
  v276_: ptr<float> = id v217_;
  v277_: float = id v218_;
  v278_: ptr<float> = id v219_;
  v279_: ptr<float> = id v220_;
  v206_: float = id v267_;
  v207_: float = id v268_;
  v208_: int = id v269_;
  v209_: int = id v270_;
  v212_: ptr<float> = id v271_;
  v213_: int = id v272_;
  v214_: float = id v273_;
  v215_: ptr<float> = id v274_;
  v216_: float = id v275_;
  v217_: ptr<float> = id v276_;
  v218_: float = id v277_;
  v219_: ptr<float> = id v278_;
  v220_: ptr<float> = id v279_;
  br v266_ .b221_ .b280_;
.b280_:
  v281_: float = fadd v206_ v207_;
  v282_: int = add v16_ v17_;
  v29_: float = id v281_;
  v30_: float = id v207_;
  v31_: int = id v282_;
  v32_: int = id v17_;
  v33_: ptr<float> = id v212_;
  v34_: int = id v19_;
  v35_: float = id v214_;
  v36_: ptr<float> = id v215_;
  v37_: float = id v216_;
  v38_: ptr<float> = id v217_;
  v39_: float = id v218_;
  v40_: ptr<float> = id v219_;
  v41_: ptr<float> = id v220_;
  v14_: float = id v29_;
  v15_: float = id v30_;
  v16_: int = id v31_;
  v17_: int = id v32_;
  v18_: ptr<float> = id v33_;
  v19_: int = id v34_;
  v20_: float = id v35_;
  v21_: ptr<float> = id v36_;
  v22_: float = id v37_;
  v23_: ptr<float> = id v38_;
  v24_: float = id v39_;
  v25_: ptr<float> = id v40_;
  v26_: ptr<float> = id v41_;
  jmp .b27_;
.b43_:
  v14_: float = id v29_;
  v15_: float = id v30_;
  v16_: int = id v31_;
  v17_: int = id v32_;
  v18_: ptr<float> = id v33_;
  v19_: int = id v34_;
  v20_: float = id v35_;
  v21_: ptr<float> = id v36_;
  v22_: float = id v37_;
  v23_: ptr<float> = id v38_;
  v24_: float = id v39_;
  v25_: ptr<float> = id v40_;
  v26_: ptr<float> = id v41_;
  v283_: ptr<float> = id v6_;
  v284_: ptr<float> = id v5_;
  v285_: ptr<float> = id v4_;
  v286_: ptr<float> = id v3_;
  v287_: ptr<float> = id v2_;
  v288_: int = id c1_;
  v289_: int = id c9_;
  v290_: int = id c10_;
.b291_:
  v292_: bool = lt v289_ v288_;
  v293_: ptr<float> = id v283_;
  v294_: ptr<float> = id v284_;
  v295_: ptr<float> = id v285_;
  v296_: ptr<float> = id v286_;
  v297_: ptr<float> = id v287_;
  v298_: int = id v288_;
  v299_: int = id v289_;
  v300_: int = id v290_;
  br v292_ .b301_ .b302_;
.b301_:
  c303_: int = const 0;
  v304_: int = mul v288_ v289_;
  v305_: ptr<float> = id v283_;
  v306_: ptr<float> = id v284_;
  v307_: ptr<float> = id v285_;
  v308_: ptr<float> = id v286_;
  v309_: ptr<float> = id v287_;
  v310_: int = id v288_;
  v311_: int = id v289_;
  v312_: int = id v290_;
  v313_: int = id c303_;
  v314_: int = id v304_;
.b315_:
  v316_: ptr<float> = ptradd v309_ v311_;
  v317_: int = add v313_ v314_;
  v318_: ptr<float> = ptradd v305_ v317_;
  v319_: float = load v316_;
  v320_: float = load v318_;
  v321_: ptr<float> = ptradd v307_ v313_;
  v322_: float = load v321_;
  v323_: float = fmul v320_ v322_;
  v324_: float = fadd v323_ v319_;
  store v316_ v324_;
  v325_: int = add v312_ v313_;
  v326_: bool = lt v325_ v310_;
  v327_: ptr<float> = id v305_;
  v328_: ptr<float> = id v306_;
  v329_: ptr<float> = id v307_;
  v330_: ptr<float> = id v308_;
  v331_: ptr<float> = id v309_;
  v332_: int = id v310_;
  v333_: int = id v311_;
  v334_: int = id v312_;
  v313_: int = id v325_;
  v335_: int = id v314_;
  v305_: ptr<float> = id v327_;
  v306_: ptr<float> = id v328_;
  v307_: ptr<float> = id v329_;
  v308_: ptr<float> = id v330_;
  v309_: ptr<float> = id v331_;
  v310_: int = id v332_;
  v311_: int = id v333_;
  v312_: int = id v334_;
  v314_: int = id v335_;
  br v326_ .b315_ .b336_;
.b336_:
  v337_: int = add v289_ v290_;
  v293_: ptr<float> = id v305_;
  v294_: ptr<float> = id v306_;
  v295_: ptr<float> = id v307_;
  v296_: ptr<float> = id v308_;
  v297_: ptr<float> = id v309_;
  v298_: int = id v288_;
  v299_: int = id v337_;
  v300_: int = id v290_;
  v283_: ptr<float> = id v293_;
  v284_: ptr<float> = id v294_;
  v285_: ptr<float> = id v295_;
  v286_: ptr<float> = id v296_;
  v287_: ptr<float> = id v297_;
  v288_: int = id v298_;
  v289_: int = id v299_;
  v290_: int = id v300_;
  jmp .b291_;
.b302_:
  v283_: ptr<float> = id v293_;
  v284_: ptr<float> = id v294_;
  v285_: ptr<float> = id v295_;
  v286_: ptr<float> = id v296_;
  v287_: ptr<float> = id v297_;
  v288_: int = id v298_;
  v289_: int = id v299_;
  v290_: int = id v300_;
  v338_: ptr<float> = id v283_;
  v339_: ptr<float> = id v284_;
  v340_: ptr<float> = id v285_;
  v341_: ptr<float> = id v286_;
  v342_: ptr<float> = id v287_;
  v343_: int = id c1_;
  v344_: int = id c9_;
  v345_: int = id c10_;
.b346_:
  v347_: bool = lt v344_ v343_;
  v348_: ptr<float> = id v338_;
  v349_: ptr<float> = id v339_;
  v350_: ptr<float> = id v340_;
  v351_: ptr<float> = id v341_;
  v352_: ptr<float> = id v342_;
  v353_: int = id v343_;
  v354_: int = id v344_;
  v355_: int = id v345_;
  br v347_ .b356_ .b357_;
.b356_:
  c358_: int = const 0;
  v359_: ptr<float> = id v338_;
  v360_: ptr<float> = id v339_;
  v361_: ptr<float> = id v340_;
  v362_: ptr<float> = id v341_;
  v363_: ptr<float> = id v342_;
  v364_: int = id v343_;
  v365_: int = id v344_;
  v366_: int = id v345_;
  v367_: int = id c358_;
  v368_: int = id c358_;
.b369_:
  v370_: ptr<float> = ptradd v362_ v365_;
  v371_: int = add v365_ v368_;
  v372_: ptr<float> = ptradd v359_ v371_;
  v373_: float = load v370_;
  v374_: float = load v372_;
  v375_: ptr<float> = ptradd v360_ v367_;
  v376_: float = load v375_;
  v377_: float = fmul v374_ v376_;
  v378_: float = fadd v377_ v373_;
  store v370_ v378_;
  v379_: int = add v366_ v367_;
  v380_: int = add v364_ v368_;
  v381_: bool = lt v379_ v364_;
  v382_: ptr<float> = id v359_;
  v383_: ptr<float> = id v360_;
  v384_: ptr<float> = id v361_;
  v385_: ptr<float> = id v362_;
  v386_: ptr<float> = id v363_;
  v387_: int = id v364_;
  v388_: int = id v365_;
  v389_: int = id v366_;
  v367_: int = id v379_;
  v368_: int = id v380_;
  v359_: ptr<float> = id v382_;
  v360_: ptr<float> = id v383_;
  v361_: ptr<float> = id v384_;
  v362_: ptr<float> = id v385_;
  v363_: ptr<float> = id v386_;
  v364_: int = id v387_;
  v365_: int = id v388_;
  v366_: int = id v389_;
  br v381_ .b369_ .b390_;
.b390_:
  v391_: int = add v344_ v345_;
  v348_: ptr<float> = id v359_;
  v349_: ptr<float> = id v360_;
  v350_: ptr<float> = id v361_;
  v351_: ptr<float> = id v362_;
  v352_: ptr<float> = id v363_;
  v353_: int = id v343_;
  v354_: int = id v391_;
  v355_: int = id v345_;
  v338_: ptr<float> = id v348_;
  v339_: ptr<float> = id v349_;
  v340_: ptr<float> = id v350_;
  v341_: ptr<float> = id v351_;
  v342_: ptr<float> = id v352_;
  v343_: int = id v353_;
  v344_: int = id v354_;
  v345_: int = id v355_;
  jmp .b346_;
.b357_:
  v338_: ptr<float> = id v348_;
  v339_: ptr<float> = id v349_;
  v340_: ptr<float> = id v350_;
  v341_: ptr<float> = id v351_;
  v342_: ptr<float> = id v352_;
  v343_: int = id v353_;
  v344_: int = id v354_;
  v345_: int = id v355_;
  v392_: float = id c7_;
  v393_: int = id c9_;
  v394_: int = id c10_;
  v395_: ptr<float> = id v342_;
  v396_: int = id c1_;
.b397_:
  v398_: ptr<float> = ptradd v395_ v393_;
  v399_: float = load v398_;
  v400_: float = fadd v392_ v399_;
  v401_: int = add v393_ v394_;
  v402_: bool = lt v401_ v396_;
  v392_: float = id v400_;
  v393_: int = id v401_;
  v403_: int = id v394_;
  v404_: ptr<float> = id v395_;
  v405_: int = id v396_;
  v394_: int = id v403_;
  v395_: ptr<float> = id v404_;
  v396_: int = id v405_;
  br v402_ .b397_ .b406_;
.b406_:
  v407_: float = id c7_;
  v408_: int = id c9_;
  v409_: int = id c10_;
  v410_: ptr<float> = id v341_;
  v411_: int = id c1_;
.b412_:
  v413_: ptr<float> = ptradd v410_ v408_;
  v414_: float = load v413_;
  v415_: float = fadd v407_ v414_;
  v416_: int = add v408_ v409_;
  v417_: bool = lt v416_ v411_;
  v407_: float = id v415_;
  v408_: int = id v416_;
  v418_: int = id v409_;
  v419_: ptr<float> = id v410_;
  v420_: int = id v411_;
  v409_: int = id v418_;
  v410_: ptr<float> = id v419_;
  v411_: int = id v420_;
  br v417_ .b412_ .b421_;
.b421_:
  v422_: float = fadd v392_ v407_;
  free v342_;
  free v341_;
  free v340_;
  free v339_;
  free v338_;
  print v422_;
  ret;
}
