---
source: tests/files.rs
expression: visualization.result
---
@main {
.b0_:
  c1_: int = const 0;
  v2_: int = id c1_;
.b3_:
  c4_: int = const 1;
  v5_: int = add c4_ v2_;
  c6_: int = const 5;
  v7_: bool = lt v5_ c6_;
  v8_: bool = lt v2_ c6_;
  br v8_ .b9_ .b10_;
.b9_:
  c11_: int = const 1;
  print c11_;
  v12_: int = id v2_;
.b13_:
  v14_: int = id v5_;
  br v7_ .b15_ .b16_;
.b15_:
  v14_: int = id v5_;
  v2_: int = id v14_;
  jmp .b3_;
.b10_:
  c17_: int = const 2;
  print c17_;
  v12_: int = id v2_;
  jmp .b13_;
.b16_:
  v2_: int = id v14_;
  print v2_;
}
