---
source: tests/files.rs
expression: visualization.result
---
@main(v0: int) {
  v2: int = const 2;
  v4: bool = lt v0 v2;
  v8: int = const 0;
  v10: int = const 1;
  br v4 .__28__ .__14__;
.__84__:
  v81: int = id v23;
  v82: int = id v24;
  jmp .__88__;
.__75__:
  v78: int = add v23 v25;
  v81: int = id v78;
  v82: int = id v24;
  jmp .__88__;
.__67__:
  v68: int = const 1;
  v69: bool = eq v26 v68;
  br v69 .__84__ .__75__;
.__61__:
  v23: int = id v46;
  v24: int = id v47;
  v25: int = id v48;
  v26: int = id v49;
  jmp .__67__;
.__51__:
  v54: int = add v36 v2;
  v58: int = const 1;
  v46: int = id v54;
  v47: int = id v10;
  v48: int = id v2;
  v49: int = id v58;
  jmp .__61__;
.__40__:
  v44: int = const 0;
  v46: int = id v36;
  v47: int = id v10;
  v48: int = id v2;
  v49: int = id v44;
  jmp .__61__;
.__28__:
  v30: bool = lt v2 v0;
  v36: int = add v8 v2;
  br v30 .__51__ .__40__;
.__14__:
  v17: int = add v8 v10;
  v21: int = const 0;
  v23: int = id v17;
  v24: int = id v10;
  v25: int = id v2;
  v26: int = id v21;
  jmp .__67__;
.__88__:
  v90: int = add v81 v82;
  print v90;
}

