---
source: tests/files.rs
expression: visualization.result
---
@main(v0: int) {
  v2: int = const 4;
  v5: bool = lt v2 v0;
  br v5 .__20__ .__12__;
.__20__:
  v23: int = add v0 v2;
  v18: int = id v23;
  jmp .__26__;
.__12__:
  v13: int = const 4;
  v16: int = mul v13 v0;
  v18: int = id v16;
  jmp .__26__;
.__26__:
  print v18;
}

