---
source: tests/files.rs
expression: visualization.result
---
@main {
.v0_:
  v1_: bool = const true;
  v2_: int = const 1;
  print v2_;
  br v1_ .v3_ .v4_;
.v3_:
  v5_: int = id v2_;
.v6_:
  v7_: int = const 5;
  v8_: bool = lt v5_ v7_;
  br v8_ .v9_ .v10_;
.v9_:
  v11_: int = const 1;
  print v11_;
.v12_:
  v13_: int = const 1;
  v14_: int = add v13_ v5_;
  v15_: int = const 6;
  v16_: bool = lt v5_ v15_;
  v5_: int = id v14_;
  br v16_ .v6_ .v4_;
.v10_:
  v17_: int = const 2;
  print v17_;
  jmp .v12_;
.v4_:
  v18_: int = phi v2_ v5_ .v0_ .v12_;
  print v18_;
}
