---
source: tests/files.rs
expression: visualization.result
---
@main(v0: int) {
  v1_: int = const 5;
  v2_: bool = eq v0 v1_;
  v3_: int = const 4;
  v4_: int = const 20;
  br v2_ .v5_ .v6_;
.v5_:
  v7_: int = id v4_;
  jmp .v8_;
.v6_:
  v9_: bool = eq v0 v3_;
  br v9_ .v10_ .v11_;
.v10_:
  v12_: int = const 20;
  v13_: int = id v12_;
.v14_:
  v7_: int = id v13_;
  jmp .v8_;
.v11_:
  v13_: int = id v4_;
  jmp .v14_;
.v8_:
  print v7_;
}
