---
source: tests/files.rs
expression: visualization.result
---
# ARGS: 1 2 3 4
@main(v0: int, v1: int, v2: int, v3: int) {
.b4_:
  v5_: int = id v0;
  v6_: int = id v3;
  v7_: int = id v2;
  v8_: int = id v1;
.b9_:
  v10_: int = sub v7_ v8_;
  print v10_;
  v11_: int = add v10_ v5_;
  v12_: bool = lt v11_ v6_;
  v13_: bool = not v12_;
  v5_: int = id v11_;
  v6_: int = id v6_;
  v7_: int = id v7_;
  v8_: int = id v8_;
  br v13_ .b9_ .b14_;
.b14_:
  print v5_;
  ret;
}
