---
source: tests/files.rs
expression: visualization.result
---
@main(v0: int) {
  v1: int = const 0;
  v2: int = const 1;
  v3: int = id v1;
  v4: int = id v2;
  v5: int = id v0;
  jmp .__7__;
.__21__:
  v19: int = const 1;
  v20: bool = eq v12 v19;
  v3: int = id v11;
  v4: int = id v13;
  v5: int = id v14;
  br v20 .__7__ .__22__;
.__15__:
  v10: int = const 0;
  v11: int = id v3;
  v12: int = id v10;
  v13: int = id v4;
  v14: int = id v5;
  jmp .__21__;
.__18__:
  v16: int = add v3 v4;
  v17: int = const 1;
  v11: int = id v16;
  v12: int = id v17;
  v13: int = id v4;
  v14: int = id v5;
  jmp .__21__;
.__9__:
  v8: bool = lt v3 v5;
  br v8 .__18__ .__15__;
.__7__:
  jmp .__9__;
.__22__:
  print v3;
}

