---
source: tests/files.rs
expression: visualization.result
---
# ARGS: 1
@main(v0: int) {
.b1_:
  c2_: int = const 2;
  v3_: bool = lt v0 c2_;
  c4_: int = const 0;
  c5_: int = const 1;
  c6_: int = const 5;
  v7_: int = id c5_;
  v8_: int = id c5_;
  v9_: int = id c2_;
  br v3_ .b10_ .b11_;
.b10_:
  c12_: int = const 4;
  v7_: int = id c12_;
  v8_: int = id c5_;
  v9_: int = id c2_;
  v13_: int = id v7_;
  v14_: int = id v8_;
  v15_: int = add c5_ v13_;
  print v15_;
  ret;
  jmp .b16_;
.b11_:
  v13_: int = id v7_;
  v14_: int = id v8_;
  v17_: int = add v7_ v9_;
  v13_: int = id v17_;
  v14_: int = id v8_;
  v15_: int = add c5_ v13_;
  print v15_;
  ret;
.b16_:
}
