---
source: tests/files.rs
expression: visualization.result
---
@main(v0: int) {
  v1_: int = const 0;
  v2_: int = const 1;
  v3_: int = id v1_;
  v4_: int = id v2_;
  v5_: int = id v0;
.v6_:
  v7_: bool = lt v3_ v5_;
  br v7_ .v8_ .v9_;
.v8_:
  v10_: int = add v3_ v4_;
  v11_: bool = const true;
  v12_: int = id v10_;
  v13_: bool = id v11_;
  v14_: int = id v4_;
  v15_: int = id v5_;
.v16_:
  v3_: int = id v12_;
  v4_: int = id v4_;
  v5_: int = id v5_;
  br v7_ .v6_ .v17_;
.v9_:
  v18_: bool = const false;
  v12_: int = id v3_;
  v13_: bool = id v18_;
  v14_: int = id v4_;
  v15_: int = id v5_;
  jmp .v16_;
.v17_:
  print v3_;
}
