---
source: tests/files.rs
expression: visualization.result
---
@main(v0: int) {
  v1: int = const 4;
  jmp .__3__;
.__10__:
  jmp .__13__;
.__9__:
  jmp .__10__;
.__12__:
  jmp .__13__;
.__11__:
  jmp .__12__;
.__8__:
  br v4 .__11__ .__9__;
.__7__:
  jmp .__8__;
.__6__:
  jmp .__7__;
.__5__:
  v4: bool = lt v1 v0;
  jmp .__6__;
.__3__:
  jmp .__5__;
.__13__:
}

