---
source: tests/files.rs
expression: visualization.result
---
# ARGS: 20
@main(v0: int) {
.b1_:
  c2_: int = const 0;
  v3_: bool = lt c2_ v0;
  c4_: int = const 2;
  v5_: int = mul c4_ v0;
  c6_: int = const 5;
  v7_: int = mul c6_ v5_;
  c8_: int = const -3;
  v9_: int = mul c8_ v5_;
  v10_: int = select v3_ v7_ v9_;
  v11_: bool = ge v10_ c2_;
  c12_: int = const 10;
  v13_: int = mul c12_ v10_;
  c14_: int = const 37;
  v15_: int = mul c14_ v10_;
  v16_: int = select v11_ v13_ v15_;
  print v16_;
  ret;
}
