---
source: tests/files.rs
expression: visualization.result
---
<svg
	height="2100"
	version="1.1"
	width="3050"
	xmlns="http://www.w3.org/2000/svg">
	<g
		transform="translate(0, 0)">
		<rect
			fill="white"
			height="2100"
			rx="10"
			stroke="black"
			stroke-width="2"
			width="3050">
		</rect>
		<g>
			<path
				d="M 1016.6667 0V 10Q 1016.6667 20 1026.6667 20H 1202.5Q 1212.5 20 1212.5 30V 200"
				fill="transparent"
				stroke="black"
				stroke-linecap="round"
				stroke-width="2">
			</path>
			<path
				d="M 1016.6667 0V 10Q 1016.6667 20 1026.6667 20H 1471.25Q 1481.25 20 1481.25 30V 200"
				fill="transparent"
				stroke="black"
				stroke-linecap="round"
				stroke-width="2">
			</path>
			<path
				d="M 2033.3334 0V 20Q 2033.3334 30 2023.3334 30H 953.75Q 943.75 30 943.75 40V 200"
				fill="transparent"
				stroke="black"
				stroke-linecap="round"
				stroke-width="2">
			</path>
			<path
				d="M 100 150V 174Q 100 184 110 184H 2277.5Q 2287.5 184 2287.5 194V 200"
				fill="transparent"
				stroke="black"
				stroke-linecap="round"
				stroke-width="2">
			</path>
			<path
				d="M 250 150V 168Q 250 178 260 178H 1740Q 1750 178 1750 188V 200"
				fill="transparent"
				stroke="black"
				stroke-linecap="round"
				stroke-width="2">
			</path>
			<path
				d="M 400 150V 162Q 400 172 410 172H 2008.75Q 2018.75 172 2018.75 182V 200"
				fill="transparent"
				stroke="black"
				stroke-linecap="round"
				stroke-width="2">
			</path>
			<path
				d="M 550 150V 156Q 550 166 560 166H 2546.25Q 2556.25 166 2556.25 176V 200"
				fill="transparent"
				stroke="black"
				stroke-linecap="round"
				stroke-width="2">
			</path>
			<path
				d="M 1152.7778 1900V 1903.75Q 1152.7778 1913.75 1162.7778 1913.75H 2956.6667Q 2966.6667 1913.75 2966.6667 1923.75V 1950"
				fill="transparent"
				stroke="black"
				stroke-linecap="round"
				stroke-width="2">
			</path>
			<path
				d="M 1391.6666 1900V 1907.5Q 1391.6666 1917.5 1401.6666 1917.5H 2923.3333Q 2933.3333 1917.5 2933.3333 1927.5V 1950"
				fill="transparent"
				stroke="black"
				stroke-linecap="round"
				stroke-width="2">
			</path>
			<path
				d="M 2950 2050V 2065Q 2950 2075 2940 2075H 1535Q 1525 2075 1525 2085V 2100"
				fill="transparent"
				stroke="black"
				stroke-linecap="round"
				stroke-width="2">
			</path>
		</g>
		<g>
			<g
				transform="translate(50, 50)">
				<g>
					<rect
						fill="#FFFF80"
						height="100"
						rx="10"
						stroke="black"
						stroke-width="2"
						width="100">
					</rect>
					<text
						fill="black"
						font-size="50"
						text-anchor="middle"
						x="50"
						y="62.5">
						3
					</text>
				</g>
				<circle
					cx="50"
					cy="100"
					fill="white"
					r="4"
					stroke="black"
					stroke-width="2">
				</circle>
			</g>
			<g
				transform="translate(200, 50)">
				<g>
					<rect
						fill="#FFFF80"
						height="100"
						rx="10"
						stroke="black"
						stroke-width="2"
						width="100">
					</rect>
					<text
						fill="black"
						font-size="50"
						text-anchor="middle"
						x="50"
						y="62.5">
						2
					</text>
				</g>
				<circle
					cx="50"
					cy="100"
					fill="white"
					r="4"
					stroke="black"
					stroke-width="2">
				</circle>
			</g>
			<g
				transform="translate(350, 50)">
				<g>
					<rect
						fill="#FFFF80"
						height="100"
						rx="10"
						stroke="black"
						stroke-width="2"
						width="100">
					</rect>
					<text
						fill="black"
						font-size="50"
						text-anchor="middle"
						x="50"
						y="62.5">
						1
					</text>
				</g>
				<circle
					cx="50"
					cy="100"
					fill="white"
					r="4"
					stroke="black"
					stroke-width="2">
				</circle>
			</g>
			<g
				transform="translate(500, 50)">
				<g>
					<rect
						fill="#FFFF80"
						height="100"
						rx="10"
						stroke="black"
						stroke-width="2"
						width="100">
					</rect>
					<text
						fill="black"
						font-size="50"
						text-anchor="middle"
						x="50"
						y="62.5">
						0
					</text>
				</g>
				<circle
					cx="50"
					cy="100"
					fill="white"
					r="4"
					stroke="black"
					stroke-width="2">
				</circle>
			</g>
			<g
				transform="translate(650, 200)">
				<rect
					fill="#FF8080"
					height="1700"
					rx="10"
					stroke="black"
					stroke-width="2"
					width="2200">
				</rect>
				<text
					fill="black"
					font-size="50"
					x="25"
					y="50">
					loop
				</text>
				<g
					transform="translate(25, 75)">
					<rect
						fill="white"
						height="1600"
						rx="10"
						stroke="black"
						stroke-width="2"
						width="2150">
					</rect>
					<g>
						<path
							d="M 268.75 0V 3.75Q 268.75 13.75 278.75 13.75H 612.2222Q 622.2222 13.75 622.2222 23.75V 200"
							fill="transparent"
							stroke="black"
							stroke-linecap="round"
							stroke-width="2">
						</path>
						<path
							d="M 537.5 0V 7.5Q 537.5 17.5 547.5 17.5H 823.3334Q 833.3334 17.5 833.3334 27.5V 200"
							fill="transparent"
							stroke="black"
							stroke-linecap="round"
							stroke-width="2">
						</path>
						<path
							d="M 806.25 0V 11.25Q 806.25 21.25 796.25 21.25H 93.33333Q 83.33333 21.25 83.33333 31.25V 50"
							fill="transparent"
							stroke="black"
							stroke-linecap="round"
							stroke-width="2">
						</path>
						<path
							d="M 806.25 0V 11.25Q 806.25 21.25 816.25 21.25H 1034.4445Q 1044.4445 21.25 1044.4445 31.25V 200"
							fill="transparent"
							stroke="black"
							stroke-linecap="round"
							stroke-width="2">
						</path>
						<path
							d="M 1075 0V 15Q 1075 25 1085 25H 1245.5555Q 1255.5555 25 1255.5555 35V 200"
							fill="transparent"
							stroke="black"
							stroke-linecap="round"
							stroke-width="2">
						</path>
						<path
							d="M 1343.75 0V 18.75Q 1343.75 28.75 1333.75 28.75H 126.666664Q 116.666664 28.75 116.666664 38.75V 50"
							fill="transparent"
							stroke="black"
							stroke-linecap="round"
							stroke-width="2">
						</path>
						<path
							d="M 1343.75 0V 18.75Q 1343.75 28.75 1353.75 28.75H 1456.6667Q 1466.6667 28.75 1466.6667 38.75V 200"
							fill="transparent"
							stroke="black"
							stroke-linecap="round"
							stroke-width="2">
						</path>
						<path
							d="M 1612.5 0V 22.5Q 1612.5 32.5 1622.5 32.5H 1667.7778Q 1677.7778 32.5 1677.7778 42.5V 200"
							fill="transparent"
							stroke="black"
							stroke-linecap="round"
							stroke-width="2">
						</path>
						<path
							d="M 1881.25 0V 26.25Q 1881.25 36.25 1885.0695 36.25H 1885.0695Q 1888.8889 36.25 1888.8889 46.25V 200"
							fill="transparent"
							stroke="black"
							stroke-linecap="round"
							stroke-width="2">
						</path>
						<path
							d="M 100 150V 165Q 100 175 110 175H 401.1111Q 411.1111 175 411.1111 185V 200"
							fill="transparent"
							stroke="black"
							stroke-linecap="round"
							stroke-width="2">
						</path>
						<path
							d="M 411.1111 1550V 1556.6666Q 411.1111 1566.6666 421.1111 1566.6666H 467.77777Q 477.77777 1566.6666 477.77777 1576.6666V 1600"
							fill="transparent"
							stroke="black"
							stroke-linecap="round"
							stroke-width="2">
						</path>
						<path
							d="M 622.2222 1550V 1560Q 622.2222 1570 632.2222 1570H 706.6666Q 716.6666 1570 716.6666 1580V 1600"
							fill="transparent"
							stroke="black"
							stroke-linecap="round"
							stroke-width="2">
						</path>
						<path
							d="M 833.3334 1550V 1553.3334Q 833.3334 1563.3334 823.3334 1563.3334H 248.88889Q 238.88889 1563.3334 238.88889 1573.3334V 1600"
							fill="transparent"
							stroke="black"
							stroke-linecap="round"
							stroke-width="2">
						</path>
						<path
							d="M 1044.4445 1550V 1563.3334Q 1044.4445 1573.3334 1034.4445 1573.3334H 965.55554Q 955.55554 1573.3334 955.55554 1583.3334V 1600"
							fill="transparent"
							stroke="black"
							stroke-linecap="round"
							stroke-width="2">
						</path>
						<path
							d="M 1255.5555 1550V 1566.6666Q 1255.5555 1576.6666 1245.5555 1576.6666H 1204.4445Q 1194.4445 1576.6666 1194.4445 1586.6666V 1600"
							fill="transparent"
							stroke="black"
							stroke-linecap="round"
							stroke-width="2">
						</path>
						<path
							d="M 1466.6667 1550V 1570Q 1466.6667 1580 1456.6667 1580H 1443.3333Q 1433.3333 1580 1433.3333 1590V 1600"
							fill="transparent"
							stroke="black"
							stroke-linecap="round"
							stroke-width="2">
						</path>
						<path
							d="M 1677.7778 1550V 1573.3334Q 1677.7778 1583.3334 1675 1583.3334H 1675Q 1672.2222 1583.3334 1672.2222 1593.3334V 1600"
							fill="transparent"
							stroke="black"
							stroke-linecap="round"
							stroke-width="2">
						</path>
						<path
							d="M 1888.8889 1550V 1576.6666Q 1888.8889 1586.6666 1898.8889 1586.6666H 1901.1111Q 1911.1111 1586.6666 1911.1111 1596.6666V 1600"
							fill="transparent"
							stroke="black"
							stroke-linecap="round"
							stroke-width="2">
						</path>
					</g>
					<g>
						<g
							transform="translate(50, 50)">
							<g>
								<rect
									fill="#FFFF80"
									height="100"
									rx="10"
									stroke="black"
									stroke-width="2"
									width="100">
								</rect>
								<text
									fill="black"
									font-size="50"
									text-anchor="middle"
									x="50"
									y="62.5">
									eq
								</text>
							</g>
							<circle
								cx="33.333332"
								cy="0"
								fill="white"
								r="4"
								stroke="black"
								stroke-width="2">
							</circle>
							<circle
								cx="66.666664"
								cy="0"
								fill="white"
								r="4"
								stroke="black"
								stroke-width="2">
							</circle>
							<circle
								cx="50"
								cy="100"
								fill="white"
								r="4"
								stroke="black"
								stroke-width="2">
							</circle>
						</g>
						<g
							transform="translate(200, 200)">
							<rect
								fill="#80FF80"
								height="1350"
								rx="10"
								stroke="black"
								stroke-width="2"
								width="1900">
							</rect>
							<text
								fill="black"
								font-size="50"
								x="25"
								y="50">
								match
							</text>
							<g>
								<g
									transform="translate(25, 125)">
									<rect
										fill="white"
										height="1200"
										rx="10"
										stroke="black"
										stroke-width="2"
										width="1625">
									</rect>
									<g>
										<path
											d="M 203.125 0V 3.75Q 203.125 13.75 213.125 13.75H 845.55554Q 855.55554 13.75 855.55554 23.75V 650"
											fill="transparent"
											stroke="black"
											stroke-linecap="round"
											stroke-width="2">
										</path>
										<path
											d="M 406.25 0V 7.5Q 406.25 17.5 416.25 17.5H 948.3334Q 958.3334 17.5 958.3334 27.5V 650"
											fill="transparent"
											stroke="black"
											stroke-linecap="round"
											stroke-width="2">
										</path>
										<path
											d="M 609.375 0V 11.25Q 609.375 21.25 599.375 21.25H 93.33333Q 83.33333 21.25 83.33333 31.25V 50"
											fill="transparent"
											stroke="black"
											stroke-linecap="round"
											stroke-width="2">
										</path>
										<path
											d="M 609.375 0V 11.25Q 609.375 21.25 599.375 21.25H 393.33334Q 383.33334 21.25 383.33334 31.25V 350"
											fill="transparent"
											stroke="black"
											stroke-linecap="round"
											stroke-width="2">
										</path>
										<path
											d="M 609.375 0V 11.25Q 609.375 21.25 619.375 21.25H 1051.1111Q 1061.1111 21.25 1061.1111 31.25V 650"
											fill="transparent"
											stroke="black"
											stroke-linecap="round"
											stroke-width="2">
										</path>
										<path
											d="M 812.5 0V 15Q 812.5 25 802.5 25H 126.666664Q 116.666664 25 116.666664 35V 50"
											fill="transparent"
											stroke="black"
											stroke-linecap="round"
											stroke-width="2">
										</path>
										<path
											d="M 812.5 0V 15Q 812.5 25 802.5 25H 276.66666Q 266.66666 25 266.66666 35V 200"
											fill="transparent"
											stroke="black"
											stroke-linecap="round"
											stroke-width="2">
										</path>
										<path
											d="M 812.5 0V 15Q 812.5 25 822.5 25H 1153.8889Q 1163.8889 25 1163.8889 35V 650"
											fill="transparent"
											stroke="black"
											stroke-linecap="round"
											stroke-width="2">
										</path>
										<path
											d="M 1015.625 0V 18.75Q 1015.625 28.75 1025.625 28.75H 1256.6667Q 1266.6667 28.75 1266.6667 38.75V 650"
											fill="transparent"
											stroke="black"
											stroke-linecap="round"
											stroke-width="2">
										</path>
										<path
											d="M 1218.75 0V 22.5Q 1218.75 32.5 1228.75 32.5H 1359.4445Q 1369.4445 32.5 1369.4445 42.5V 650"
											fill="transparent"
											stroke="black"
											stroke-linecap="round"
											stroke-width="2">
										</path>
										<path
											d="M 1421.875 0V 26.25Q 1421.875 36.25 1411.875 36.25H 576.6667Q 566.6667 36.25 566.6667 46.25V 500"
											fill="transparent"
											stroke="black"
											stroke-linecap="round"
											stroke-width="2">
										</path>
										<path
											d="M 1421.875 0V 26.25Q 1421.875 36.25 1431.875 36.25H 1462.2222Q 1472.2222 36.25 1472.2222 46.25V 650"
											fill="transparent"
											stroke="black"
											stroke-linecap="round"
											stroke-width="2">
										</path>
										<path
											d="M 100 150V 165Q 100 175 110 175H 223.33333Q 233.33333 175 233.33333 185V 200"
											fill="transparent"
											stroke="black"
											stroke-linecap="round"
											stroke-width="2">
										</path>
										<path
											d="M 250 300V 315Q 250 325 260 325H 406.66666Q 416.66666 325 416.66666 335V 350"
											fill="transparent"
											stroke="black"
											stroke-linecap="round"
											stroke-width="2">
										</path>
										<path
											d="M 400 450V 465Q 400 475 410 475H 523.3333Q 533.3333 475 533.3333 485V 500"
											fill="transparent"
											stroke="black"
											stroke-linecap="round"
											stroke-width="2">
										</path>
										<path
											d="M 550 600V 615Q 550 625 560 625H 742.7778Q 752.7778 625 752.7778 635V 650"
											fill="transparent"
											stroke="black"
											stroke-linecap="round"
											stroke-width="2">
										</path>
										<path
											d="M 752.7778 1150V 1153.3334Q 752.7778 1163.3334 742.7778 1163.3334H 190.55556Q 180.55556 1163.3334 180.55556 1173.3334V 1200"
											fill="transparent"
											stroke="black"
											stroke-linecap="round"
											stroke-width="2">
										</path>
										<path
											d="M 855.55554 1150V 1156.6666Q 855.55554 1166.6666 845.55554 1166.6666H 371.1111Q 361.1111 1166.6666 361.1111 1176.6666V 1200"
											fill="transparent"
											stroke="black"
											stroke-linecap="round"
											stroke-width="2">
										</path>
										<path
											d="M 958.3334 1150V 1160Q 958.3334 1170 948.3334 1170H 551.6667Q 541.6667 1170 541.6667 1180V 1200"
											fill="transparent"
											stroke="black"
											stroke-linecap="round"
											stroke-width="2">
										</path>
										<path
											d="M 1061.1111 1150V 1163.3334Q 1061.1111 1173.3334 1051.1111 1173.3334H 732.2222Q 722.2222 1173.3334 722.2222 1183.3334V 1200"
											fill="transparent"
											stroke="black"
											stroke-linecap="round"
											stroke-width="2">
										</path>
										<path
											d="M 1163.8889 1150V 1166.6666Q 1163.8889 1176.6666 1153.8889 1176.6666H 912.7778Q 902.7778 1176.6666 902.7778 1186.6666V 1200"
											fill="transparent"
											stroke="black"
											stroke-linecap="round"
											stroke-width="2">
										</path>
										<path
											d="M 1266.6667 1150V 1170Q 1266.6667 1180 1256.6667 1180H 1093.3334Q 1083.3334 1180 1083.3334 1190V 1200"
											fill="transparent"
											stroke="black"
											stroke-linecap="round"
											stroke-width="2">
										</path>
										<path
											d="M 1369.4445 1150V 1173.3334Q 1369.4445 1183.3334 1359.4445 1183.3334H 1273.8889Q 1263.8889 1183.3334 1263.8889 1193.3334V 1200"
											fill="transparent"
											stroke="black"
											stroke-linecap="round"
											stroke-width="2">
										</path>
										<path
											d="M 1472.2222 1150V 1176.6666Q 1472.2222 1186.6666 1462.2222 1186.6666H 1454.4445Q 1444.4445 1186.6666 1444.4445 1196.6666V 1200"
											fill="transparent"
											stroke="black"
											stroke-linecap="round"
											stroke-width="2">
										</path>
									</g>
									<g>
										<g
											transform="translate(50, 50)">
											<g>
												<rect
													fill="#FFFF80"
													height="100"
													rx="10"
													stroke="black"
													stroke-width="2"
													width="100">
												</rect>
												<text
													fill="black"
													font-size="50"
													text-anchor="middle"
													x="50"
													y="62.5">
													div
												</text>
											</g>
											<circle
												cx="33.333332"
												cy="0"
												fill="white"
												r="4"
												stroke="black"
												stroke-width="2">
											</circle>
											<circle
												cx="66.666664"
												cy="0"
												fill="white"
												r="4"
												stroke="black"
												stroke-width="2">
											</circle>
											<circle
												cx="50"
												cy="100"
												fill="white"
												r="4"
												stroke="black"
												stroke-width="2">
											</circle>
										</g>
										<g
											transform="translate(200, 200)">
											<g>
												<rect
													fill="#FFFF80"
													height="100"
													rx="10"
													stroke="black"
													stroke-width="2"
													width="100">
												</rect>
												<text
													fill="black"
													font-size="50"
													text-anchor="middle"
													x="50"
													y="62.5">
													mul
												</text>
											</g>
											<circle
												cx="33.333332"
												cy="0"
												fill="white"
												r="4"
												stroke="black"
												stroke-width="2">
											</circle>
											<circle
												cx="66.666664"
												cy="0"
												fill="white"
												r="4"
												stroke="black"
												stroke-width="2">
											</circle>
											<circle
												cx="50"
												cy="100"
												fill="white"
												r="4"
												stroke="black"
												stroke-width="2">
											</circle>
										</g>
										<g
											transform="translate(350, 350)">
											<g>
												<rect
													fill="#FFFF80"
													height="100"
													rx="10"
													stroke="black"
													stroke-width="2"
													width="100">
												</rect>
												<text
													fill="black"
													font-size="50"
													text-anchor="middle"
													x="50"
													y="62.5">
													sub
												</text>
											</g>
											<circle
												cx="33.333332"
												cy="0"
												fill="white"
												r="4"
												stroke="black"
												stroke-width="2">
											</circle>
											<circle
												cx="66.666664"
												cy="0"
												fill="white"
												r="4"
												stroke="black"
												stroke-width="2">
											</circle>
											<circle
												cx="50"
												cy="100"
												fill="white"
												r="4"
												stroke="black"
												stroke-width="2">
											</circle>
										</g>
										<g
											transform="translate(500, 500)">
											<g>
												<rect
													fill="#FFFF80"
													height="100"
													rx="10"
													stroke="black"
													stroke-width="2"
													width="100">
												</rect>
												<text
													fill="black"
													font-size="50"
													text-anchor="middle"
													x="50"
													y="62.5">
													eq
												</text>
											</g>
											<circle
												cx="33.333332"
												cy="0"
												fill="white"
												r="4"
												stroke="black"
												stroke-width="2">
											</circle>
											<circle
												cx="66.666664"
												cy="0"
												fill="white"
												r="4"
												stroke="black"
												stroke-width="2">
											</circle>
											<circle
												cx="50"
												cy="100"
												fill="white"
												r="4"
												stroke="black"
												stroke-width="2">
											</circle>
										</g>
										<g
											transform="translate(650, 650)">
											<rect
												fill="#80FF80"
												height="500"
												rx="10"
												stroke="black"
												stroke-width="2"
												width="925">
											</rect>
											<text
												fill="black"
												font-size="50"
												x="25"
												y="50">
												match
											</text>
											<g>
												<g
													transform="translate(25, 125)">
													<rect
														fill="white"
														height="350"
														rx="10"
														stroke="black"
														stroke-width="2"
														width="500">
													</rect>
													<g>
														<path
															d="M 62.5 0V 303.33334Q 62.5 313.33334 59.02778 313.33334H 59.02778Q 55.555557 313.33334 55.555557 323.33334V 350"
															fill="transparent"
															stroke="black"
															stroke-linecap="round"
															stroke-width="2">
														</path>
														<path
															d="M 125 0V 306.66666Q 125 316.66666 118.05556 316.66666H 118.05556Q 111.111115 316.66666 111.111115 326.66666V 350"
															fill="transparent"
															stroke="black"
															stroke-linecap="round"
															stroke-width="2">
														</path>
														<path
															d="M 187.5 0V 11.25Q 187.5 21.25 177.5 21.25H 126.666664Q 116.666664 21.25 116.666664 31.25V 50"
															fill="transparent"
															stroke="black"
															stroke-linecap="round"
															stroke-width="2">
														</path>
														<path
															d="M 250 0V 316.66666Q 250 326.66666 260 326.66666H 267.77777Q 277.77777 326.66666 277.77777 336.66666V 350"
															fill="transparent"
															stroke="black"
															stroke-linecap="round"
															stroke-width="2">
														</path>
														<path
															d="M 312.5 0V 320Q 312.5 330 322.5 330H 323.33334Q 333.33334 330 333.33334 340V 350"
															fill="transparent"
															stroke="black"
															stroke-linecap="round"
															stroke-width="2">
														</path>
														<path
															d="M 312.5 0V 18.75Q 312.5 28.75 302.5 28.75H 243.33333Q 233.33333 28.75 233.33333 38.75V 200"
															fill="transparent"
															stroke="black"
															stroke-linecap="round"
															stroke-width="2">
														</path>
														<path
															d="M 375 0V 323.33334Q 375 333.33334 381.94446 333.33334H 381.94446Q 388.88892 333.33334 388.88892 343.33334V 350"
															fill="transparent"
															stroke="black"
															stroke-linecap="round"
															stroke-width="2">
														</path>
														<path
															d="M 375 0V 22.5Q 375 32.5 365 32.5H 93.33333Q 83.33333 32.5 83.33333 42.5V 50"
															fill="transparent"
															stroke="black"
															stroke-linecap="round"
															stroke-width="2">
														</path>
														<path
															d="M 437.5 0V 326.66666Q 437.5 336.66666 440.97223 336.66666H 440.97223Q 444.44446 336.66666 444.44446 346.66666V 350"
															fill="transparent"
															stroke="black"
															stroke-linecap="round"
															stroke-width="2">
														</path>
														<path
															d="M 100 150V 165Q 100 175 110 175H 256.66666Q 266.66666 175 266.66666 185V 200"
															fill="transparent"
															stroke="black"
															stroke-linecap="round"
															stroke-width="2">
														</path>
														<path
															d="M 250 300V 313.33334Q 250 323.33334 240 323.33334H 232.22223Q 222.22223 323.33334 222.22223 333.33334V 350"
															fill="transparent"
															stroke="black"
															stroke-linecap="round"
															stroke-width="2">
														</path>
														<path
															d="M 400 300V 310Q 400 320 390 320H 176.66667Q 166.66667 320 166.66667 330V 350"
															fill="transparent"
															stroke="black"
															stroke-linecap="round"
															stroke-width="2">
														</path>
													</g>
													<g>
														<g
															transform="translate(50, 50)">
															<g>
																<rect
																	fill="#FFFF80"
																	height="100"
																	rx="10"
																	stroke="black"
																	stroke-width="2"
																	width="100">
																</rect>
																<text
																	fill="black"
																	font-size="50"
																	text-anchor="middle"
																	x="50"
																	y="62.5">
																	mul
																</text>
															</g>
															<circle
																cx="33.333332"
																cy="0"
																fill="white"
																r="4"
																stroke="black"
																stroke-width="2">
															</circle>
															<circle
																cx="66.666664"
																cy="0"
																fill="white"
																r="4"
																stroke="black"
																stroke-width="2">
															</circle>
															<circle
																cx="50"
																cy="100"
																fill="white"
																r="4"
																stroke="black"
																stroke-width="2">
															</circle>
														</g>
														<g
															transform="translate(200, 200)">
															<g>
																<rect
																	fill="#FFFF80"
																	height="100"
																	rx="10"
																	stroke="black"
																	stroke-width="2"
																	width="100">
																</rect>
																<text
																	fill="black"
																	font-size="50"
																	text-anchor="middle"
																	x="50"
																	y="62.5">
																	add
																</text>
															</g>
															<circle
																cx="33.333332"
																cy="0"
																fill="white"
																r="4"
																stroke="black"
																stroke-width="2">
															</circle>
															<circle
																cx="66.666664"
																cy="0"
																fill="white"
																r="4"
																stroke="black"
																stroke-width="2">
															</circle>
															<circle
																cx="50"
																cy="100"
																fill="white"
																r="4"
																stroke="black"
																stroke-width="2">
															</circle>
														</g>
														<g
															transform="translate(350, 200)">
															<g>
																<rect
																	fill="#FFFF80"
																	height="100"
																	rx="10"
																	stroke="black"
																	stroke-width="2"
																	width="100">
																</rect>
																<text
																	fill="black"
																	font-size="50"
																	text-anchor="middle"
																	x="50"
																	y="62.5">
																	1
																</text>
															</g>
															<circle
																cx="50"
																cy="100"
																fill="white"
																r="4"
																stroke="black"
																stroke-width="2">
															</circle>
														</g>
													</g>
													<g>
														<circle
															cx="62.5"
															cy="0"
															fill="white"
															r="4"
															stroke="black"
															stroke-width="2">
														</circle>
														<circle
															cx="125"
															cy="0"
															fill="white"
															r="4"
															stroke="black"
															stroke-width="2">
														</circle>
														<circle
															cx="187.5"
															cy="0"
															fill="white"
															r="4"
															stroke="black"
															stroke-width="2">
														</circle>
														<circle
															cx="250"
															cy="0"
															fill="white"
															r="4"
															stroke="black"
															stroke-width="2">
														</circle>
														<circle
															cx="312.5"
															cy="0"
															fill="white"
															r="4"
															stroke="black"
															stroke-width="2">
														</circle>
														<circle
															cx="375"
															cy="0"
															fill="white"
															r="4"
															stroke="black"
															stroke-width="2">
														</circle>
														<circle
															cx="437.5"
															cy="0"
															fill="white"
															r="4"
															stroke="black"
															stroke-width="2">
														</circle>
													</g>
													<g>
														<circle
															cx="55.555557"
															cy="350"
															fill="white"
															r="4"
															stroke="black"
															stroke-width="2">
														</circle>
														<circle
															cx="111.111115"
															cy="350"
															fill="white"
															r="4"
															stroke="black"
															stroke-width="2">
														</circle>
														<circle
															cx="166.66667"
															cy="350"
															fill="white"
															r="4"
															stroke="black"
															stroke-width="2">
														</circle>
														<circle
															cx="222.22223"
															cy="350"
															fill="white"
															r="4"
															stroke="black"
															stroke-width="2">
														</circle>
														<circle
															cx="277.77777"
															cy="350"
															fill="white"
															r="4"
															stroke="black"
															stroke-width="2">
														</circle>
														<circle
															cx="333.33334"
															cy="350"
															fill="white"
															r="4"
															stroke="black"
															stroke-width="2">
														</circle>
														<circle
															cx="388.88892"
															cy="350"
															fill="white"
															r="4"
															stroke="black"
															stroke-width="2">
														</circle>
														<circle
															cx="444.44446"
															cy="350"
															fill="white"
															r="4"
															stroke="black"
															stroke-width="2">
														</circle>
													</g>
												</g>
												<text
													fill="black"
													font-size="50"
													text-anchor="middle"
													x="275"
													y="100">
													0
												</text>
											</g>
											<g>
												<g
													transform="translate(550, 125)">
													<rect
														fill="white"
														height="200"
														rx="10"
														stroke="black"
														stroke-width="2"
														width="350">
													</rect>
													<g>
														<path
															d="M 43.75 0V 153.33333Q 43.75 163.33333 41.319443 163.33333H 41.319443Q 38.88889 163.33333 38.88889 173.33333V 200"
															fill="transparent"
															stroke="black"
															stroke-linecap="round"
															stroke-width="2">
														</path>
														<path
															d="M 87.5 0V 156.66667Q 87.5 166.66667 82.638885 166.66667H 82.638885Q 77.77778 166.66667 77.77778 176.66667V 200"
															fill="transparent"
															stroke="black"
															stroke-linecap="round"
															stroke-width="2">
														</path>
														<path
															d="M 131.25 0V 11.25Q 131.25 21.25 121.25 21.25H 93.33333Q 83.33333 21.25 83.33333 31.25V 50"
															fill="transparent"
															stroke="black"
															stroke-linecap="round"
															stroke-width="2">
														</path>
														<path
															d="M 175 0V 166.66667Q 175 176.66667 184.72223 176.66667H 184.72223Q 194.44444 176.66667 194.44444 186.66667V 200"
															fill="transparent"
															stroke="black"
															stroke-linecap="round"
															stroke-width="2">
														</path>
														<path
															d="M 175 0V 15Q 175 25 165 25H 126.666664Q 116.666664 25 116.666664 35V 50"
															fill="transparent"
															stroke="black"
															stroke-linecap="round"
															stroke-width="2">
														</path>
														<path
															d="M 218.75 0V 170Q 218.75 180 226.04167 180H 226.04167Q 233.33334 180 233.33334 190V 200"
															fill="transparent"
															stroke="black"
															stroke-linecap="round"
															stroke-width="2">
														</path>
														<path
															d="M 262.5 0V 173.33333Q 262.5 183.33333 267.3611 183.33333H 267.3611Q 272.22223 183.33333 272.22223 193.33333V 200"
															fill="transparent"
															stroke="black"
															stroke-linecap="round"
															stroke-width="2">
														</path>
														<path
															d="M 306.25 0V 176.66667Q 306.25 186.66667 308.68054 186.66667H 308.68054Q 311.1111 186.66667 311.1111 196.66667V 200"
															fill="transparent"
															stroke="black"
															stroke-linecap="round"
															stroke-width="2">
														</path>
														<path
															d="M 100 150V 163.33333Q 100 173.33333 110 173.33333H 145.55556Q 155.55556 173.33333 155.55556 183.33333V 200"
															fill="transparent"
															stroke="black"
															stroke-linecap="round"
															stroke-width="2">
														</path>
														<path
															d="M 250 150V 160Q 250 170 240 170H 126.66667Q 116.66667 170 116.66667 180V 200"
															fill="transparent"
															stroke="black"
															stroke-linecap="round"
															stroke-width="2">
														</path>
													</g>
													<g>
														<g
															transform="translate(50, 50)">
															<g>
																<rect
																	fill="#FFFF80"
																	height="100"
																	rx="10"
																	stroke="black"
																	stroke-width="2"
																	width="100">
																</rect>
																<text
																	fill="black"
																	font-size="50"
																	text-anchor="middle"
																	x="50"
																	y="62.5">
																	div
																</text>
															</g>
															<circle
																cx="33.333332"
																cy="0"
																fill="white"
																r="4"
																stroke="black"
																stroke-width="2">
															</circle>
															<circle
																cx="66.666664"
																cy="0"
																fill="white"
																r="4"
																stroke="black"
																stroke-width="2">
															</circle>
															<circle
																cx="50"
																cy="100"
																fill="white"
																r="4"
																stroke="black"
																stroke-width="2">
															</circle>
														</g>
														<g
															transform="translate(200, 50)">
															<g>
																<rect
																	fill="#FFFF80"
																	height="100"
																	rx="10"
																	stroke="black"
																	stroke-width="2"
																	width="100">
																</rect>
																<text
																	fill="black"
																	font-size="50"
																	text-anchor="middle"
																	x="50"
																	y="62.5">
																	1
																</text>
															</g>
															<circle
																cx="50"
																cy="100"
																fill="white"
																r="4"
																stroke="black"
																stroke-width="2">
															</circle>
														</g>
													</g>
													<g>
														<circle
															cx="43.75"
															cy="0"
															fill="white"
															r="4"
															stroke="black"
															stroke-width="2">
														</circle>
														<circle
															cx="87.5"
															cy="0"
															fill="white"
															r="4"
															stroke="black"
															stroke-width="2">
														</circle>
														<circle
															cx="131.25"
															cy="0"
															fill="white"
															r="4"
															stroke="black"
															stroke-width="2">
														</circle>
														<circle
															cx="175"
															cy="0"
															fill="white"
															r="4"
															stroke="black"
															stroke-width="2">
														</circle>
														<circle
															cx="218.75"
															cy="0"
															fill="white"
															r="4"
															stroke="black"
															stroke-width="2">
														</circle>
														<circle
															cx="262.5"
															cy="0"
															fill="white"
															r="4"
															stroke="black"
															stroke-width="2">
														</circle>
														<circle
															cx="306.25"
															cy="0"
															fill="white"
															r="4"
															stroke="black"
															stroke-width="2">
														</circle>
													</g>
													<g>
														<circle
															cx="38.88889"
															cy="200"
															fill="white"
															r="4"
															stroke="black"
															stroke-width="2">
														</circle>
														<circle
															cx="77.77778"
															cy="200"
															fill="white"
															r="4"
															stroke="black"
															stroke-width="2">
														</circle>
														<circle
															cx="116.66667"
															cy="200"
															fill="white"
															r="4"
															stroke="black"
															stroke-width="2">
														</circle>
														<circle
															cx="155.55556"
															cy="200"
															fill="white"
															r="4"
															stroke="black"
															stroke-width="2">
														</circle>
														<circle
															cx="194.44444"
															cy="200"
															fill="white"
															r="4"
															stroke="black"
															stroke-width="2">
														</circle>
														<circle
															cx="233.33334"
															cy="200"
															fill="white"
															r="4"
															stroke="black"
															stroke-width="2">
														</circle>
														<circle
															cx="272.22223"
															cy="200"
															fill="white"
															r="4"
															stroke="black"
															stroke-width="2">
														</circle>
														<circle
															cx="311.1111"
															cy="200"
															fill="white"
															r="4"
															stroke="black"
															stroke-width="2">
														</circle>
													</g>
												</g>
												<text
													fill="black"
													font-size="50"
													text-anchor="middle"
													x="725"
													y="100">
													1
												</text>
											</g>
											<circle
												cx="102.77778"
												cy="0"
												fill="black"
												r="4"
												stroke="black"
												stroke-width="2">
											</circle>
											<circle
												cx="205.55556"
												cy="0"
												fill="white"
												r="4"
												stroke="black"
												stroke-width="2">
											</circle>
											<circle
												cx="308.33334"
												cy="0"
												fill="white"
												r="4"
												stroke="black"
												stroke-width="2">
											</circle>
											<circle
												cx="411.1111"
												cy="0"
												fill="white"
												r="4"
												stroke="black"
												stroke-width="2">
											</circle>
											<circle
												cx="513.8889"
												cy="0"
												fill="white"
												r="4"
												stroke="black"
												stroke-width="2">
											</circle>
											<circle
												cx="616.6667"
												cy="0"
												fill="white"
												r="4"
												stroke="black"
												stroke-width="2">
											</circle>
											<circle
												cx="719.44446"
												cy="0"
												fill="white"
												r="4"
												stroke="black"
												stroke-width="2">
											</circle>
											<circle
												cx="822.2222"
												cy="0"
												fill="white"
												r="4"
												stroke="black"
												stroke-width="2">
											</circle>
											<circle
												cx="102.77778"
												cy="500"
												fill="white"
												r="4"
												stroke="black"
												stroke-width="2">
											</circle>
											<circle
												cx="205.55556"
												cy="500"
												fill="white"
												r="4"
												stroke="black"
												stroke-width="2">
											</circle>
											<circle
												cx="308.33334"
												cy="500"
												fill="white"
												r="4"
												stroke="black"
												stroke-width="2">
											</circle>
											<circle
												cx="411.1111"
												cy="500"
												fill="white"
												r="4"
												stroke="black"
												stroke-width="2">
											</circle>
											<circle
												cx="513.8889"
												cy="500"
												fill="white"
												r="4"
												stroke="black"
												stroke-width="2">
											</circle>
											<circle
												cx="616.6667"
												cy="500"
												fill="white"
												r="4"
												stroke="black"
												stroke-width="2">
											</circle>
											<circle
												cx="719.44446"
												cy="500"
												fill="white"
												r="4"
												stroke="black"
												stroke-width="2">
											</circle>
											<circle
												cx="822.2222"
												cy="500"
												fill="white"
												r="4"
												stroke="black"
												stroke-width="2">
											</circle>
										</g>
									</g>
									<g>
										<circle
											cx="203.125"
											cy="0"
											fill="white"
											r="4"
											stroke="black"
											stroke-width="2">
										</circle>
										<circle
											cx="406.25"
											cy="0"
											fill="white"
											r="4"
											stroke="black"
											stroke-width="2">
										</circle>
										<circle
											cx="609.375"
											cy="0"
											fill="white"
											r="4"
											stroke="black"
											stroke-width="2">
										</circle>
										<circle
											cx="812.5"
											cy="0"
											fill="white"
											r="4"
											stroke="black"
											stroke-width="2">
										</circle>
										<circle
											cx="1015.625"
											cy="0"
											fill="white"
											r="4"
											stroke="black"
											stroke-width="2">
										</circle>
										<circle
											cx="1218.75"
											cy="0"
											fill="white"
											r="4"
											stroke="black"
											stroke-width="2">
										</circle>
										<circle
											cx="1421.875"
											cy="0"
											fill="white"
											r="4"
											stroke="black"
											stroke-width="2">
										</circle>
									</g>
									<g>
										<circle
											cx="180.55556"
											cy="1200"
											fill="white"
											r="4"
											stroke="black"
											stroke-width="2">
										</circle>
										<circle
											cx="361.1111"
											cy="1200"
											fill="white"
											r="4"
											stroke="black"
											stroke-width="2">
										</circle>
										<circle
											cx="541.6667"
											cy="1200"
											fill="white"
											r="4"
											stroke="black"
											stroke-width="2">
										</circle>
										<circle
											cx="722.2222"
											cy="1200"
											fill="white"
											r="4"
											stroke="black"
											stroke-width="2">
										</circle>
										<circle
											cx="902.7778"
											cy="1200"
											fill="white"
											r="4"
											stroke="black"
											stroke-width="2">
										</circle>
										<circle
											cx="1083.3334"
											cy="1200"
											fill="white"
											r="4"
											stroke="black"
											stroke-width="2">
										</circle>
										<circle
											cx="1263.8889"
											cy="1200"
											fill="white"
											r="4"
											stroke="black"
											stroke-width="2">
										</circle>
										<circle
											cx="1444.4445"
											cy="1200"
											fill="white"
											r="4"
											stroke="black"
											stroke-width="2">
										</circle>
									</g>
								</g>
								<text
									fill="black"
									font-size="50"
									text-anchor="middle"
									x="837.5"
									y="100">
									0
								</text>
							</g>
							<g>
								<g
									transform="translate(1675, 125)">
									<rect
										fill="white"
										height="200"
										rx="10"
										stroke="black"
										stroke-width="2"
										width="200">
									</rect>
									<g>
										<path
											d="M 25 0V 153.33333Q 25 163.33333 23.61111 163.33333H 23.61111Q 22.222221 163.33333 22.222221 173.33333V 200"
											fill="transparent"
											stroke="black"
											stroke-linecap="round"
											stroke-width="2">
										</path>
										<path
											d="M 50 0V 156.66667Q 50 166.66667 47.22222 166.66667H 47.22222Q 44.444443 166.66667 44.444443 176.66667V 200"
											fill="transparent"
											stroke="black"
											stroke-linecap="round"
											stroke-width="2">
										</path>
										<path
											d="M 75 0V 163.33333Q 75 173.33333 81.94444 173.33333H 81.94444Q 88.888885 173.33333 88.888885 183.33333V 200"
											fill="transparent"
											stroke="black"
											stroke-linecap="round"
											stroke-width="2">
										</path>
										<path
											d="M 100 0V 166.66667Q 100 176.66667 105.55556 176.66667H 105.55556Q 111.11111 176.66667 111.11111 186.66667V 200"
											fill="transparent"
											stroke="black"
											stroke-linecap="round"
											stroke-width="2">
										</path>
										<path
											d="M 125 0V 170Q 125 180 129.16666 180H 129.16666Q 133.33333 180 133.33333 190V 200"
											fill="transparent"
											stroke="black"
											stroke-linecap="round"
											stroke-width="2">
										</path>
										<path
											d="M 150 0V 173.33333Q 150 183.33333 152.77777 183.33333H 152.77777Q 155.55554 183.33333 155.55554 193.33333V 200"
											fill="transparent"
											stroke="black"
											stroke-linecap="round"
											stroke-width="2">
										</path>
										<path
											d="M 175 0V 176.66667Q 175 186.66667 176.38889 186.66667H 176.38889Q 177.77777 186.66667 177.77777 196.66667V 200"
											fill="transparent"
											stroke="black"
											stroke-linecap="round"
											stroke-width="2">
										</path>
										<path
											d="M 100 150V 160Q 100 170 90 170H 76.666664Q 66.666664 170 66.666664 180V 200"
											fill="transparent"
											stroke="black"
											stroke-linecap="round"
											stroke-width="2">
										</path>
									</g>
									<g>
										<g
											transform="translate(50, 50)">
											<g>
												<rect
													fill="#FFFF80"
													height="100"
													rx="10"
													stroke="black"
													stroke-width="2"
													width="100">
												</rect>
												<text
													fill="black"
													font-size="50"
													text-anchor="middle"
													x="50"
													y="62.5">
													0
												</text>
											</g>
											<circle
												cx="50"
												cy="100"
												fill="white"
												r="4"
												stroke="black"
												stroke-width="2">
											</circle>
										</g>
									</g>
									<g>
										<circle
											cx="25"
											cy="0"
											fill="white"
											r="4"
											stroke="black"
											stroke-width="2">
										</circle>
										<circle
											cx="50"
											cy="0"
											fill="white"
											r="4"
											stroke="black"
											stroke-width="2">
										</circle>
										<circle
											cx="75"
											cy="0"
											fill="white"
											r="4"
											stroke="black"
											stroke-width="2">
										</circle>
										<circle
											cx="100"
											cy="0"
											fill="white"
											r="4"
											stroke="black"
											stroke-width="2">
										</circle>
										<circle
											cx="125"
											cy="0"
											fill="white"
											r="4"
											stroke="black"
											stroke-width="2">
										</circle>
										<circle
											cx="150"
											cy="0"
											fill="white"
											r="4"
											stroke="black"
											stroke-width="2">
										</circle>
										<circle
											cx="175"
											cy="0"
											fill="white"
											r="4"
											stroke="black"
											stroke-width="2">
										</circle>
									</g>
									<g>
										<circle
											cx="22.222221"
											cy="200"
											fill="white"
											r="4"
											stroke="black"
											stroke-width="2">
										</circle>
										<circle
											cx="44.444443"
											cy="200"
											fill="white"
											r="4"
											stroke="black"
											stroke-width="2">
										</circle>
										<circle
											cx="66.666664"
											cy="200"
											fill="white"
											r="4"
											stroke="black"
											stroke-width="2">
										</circle>
										<circle
											cx="88.888885"
											cy="200"
											fill="white"
											r="4"
											stroke="black"
											stroke-width="2">
										</circle>
										<circle
											cx="111.11111"
											cy="200"
											fill="white"
											r="4"
											stroke="black"
											stroke-width="2">
										</circle>
										<circle
											cx="133.33333"
											cy="200"
											fill="white"
											r="4"
											stroke="black"
											stroke-width="2">
										</circle>
										<circle
											cx="155.55554"
											cy="200"
											fill="white"
											r="4"
											stroke="black"
											stroke-width="2">
										</circle>
										<circle
											cx="177.77777"
											cy="200"
											fill="white"
											r="4"
											stroke="black"
											stroke-width="2">
										</circle>
									</g>
								</g>
								<text
									fill="black"
									font-size="50"
									text-anchor="middle"
									x="1775"
									y="100">
									1
								</text>
							</g>
							<circle
								cx="211.11111"
								cy="0"
								fill="black"
								r="4"
								stroke="black"
								stroke-width="2">
							</circle>
							<circle
								cx="422.22223"
								cy="0"
								fill="white"
								r="4"
								stroke="black"
								stroke-width="2">
							</circle>
							<circle
								cx="633.3334"
								cy="0"
								fill="white"
								r="4"
								stroke="black"
								stroke-width="2">
							</circle>
							<circle
								cx="844.44446"
								cy="0"
								fill="white"
								r="4"
								stroke="black"
								stroke-width="2">
							</circle>
							<circle
								cx="1055.5555"
								cy="0"
								fill="white"
								r="4"
								stroke="black"
								stroke-width="2">
							</circle>
							<circle
								cx="1266.6667"
								cy="0"
								fill="white"
								r="4"
								stroke="black"
								stroke-width="2">
							</circle>
							<circle
								cx="1477.7778"
								cy="0"
								fill="white"
								r="4"
								stroke="black"
								stroke-width="2">
							</circle>
							<circle
								cx="1688.8889"
								cy="0"
								fill="white"
								r="4"
								stroke="black"
								stroke-width="2">
							</circle>
							<circle
								cx="211.11111"
								cy="1350"
								fill="white"
								r="4"
								stroke="black"
								stroke-width="2">
							</circle>
							<circle
								cx="422.22223"
								cy="1350"
								fill="white"
								r="4"
								stroke="black"
								stroke-width="2">
							</circle>
							<circle
								cx="633.3334"
								cy="1350"
								fill="white"
								r="4"
								stroke="black"
								stroke-width="2">
							</circle>
							<circle
								cx="844.44446"
								cy="1350"
								fill="white"
								r="4"
								stroke="black"
								stroke-width="2">
							</circle>
							<circle
								cx="1055.5555"
								cy="1350"
								fill="white"
								r="4"
								stroke="black"
								stroke-width="2">
							</circle>
							<circle
								cx="1266.6667"
								cy="1350"
								fill="white"
								r="4"
								stroke="black"
								stroke-width="2">
							</circle>
							<circle
								cx="1477.7778"
								cy="1350"
								fill="white"
								r="4"
								stroke="black"
								stroke-width="2">
							</circle>
							<circle
								cx="1688.8889"
								cy="1350"
								fill="white"
								r="4"
								stroke="black"
								stroke-width="2">
							</circle>
						</g>
					</g>
					<g>
						<circle
							cx="268.75"
							cy="0"
							fill="white"
							r="4"
							stroke="black"
							stroke-width="2">
						</circle>
						<circle
							cx="537.5"
							cy="0"
							fill="white"
							r="4"
							stroke="black"
							stroke-width="2">
						</circle>
						<circle
							cx="806.25"
							cy="0"
							fill="white"
							r="4"
							stroke="black"
							stroke-width="2">
						</circle>
						<circle
							cx="1075"
							cy="0"
							fill="white"
							r="4"
							stroke="black"
							stroke-width="2">
						</circle>
						<circle
							cx="1343.75"
							cy="0"
							fill="white"
							r="4"
							stroke="black"
							stroke-width="2">
						</circle>
						<circle
							cx="1612.5"
							cy="0"
							fill="white"
							r="4"
							stroke="black"
							stroke-width="2">
						</circle>
						<circle
							cx="1881.25"
							cy="0"
							fill="white"
							r="4"
							stroke="black"
							stroke-width="2">
						</circle>
					</g>
					<g>
						<circle
							cx="238.88889"
							cy="1600"
							fill="black"
							r="4"
							stroke="black"
							stroke-width="2">
						</circle>
						<circle
							cx="477.77777"
							cy="1600"
							fill="white"
							r="4"
							stroke="black"
							stroke-width="2">
						</circle>
						<circle
							cx="716.6666"
							cy="1600"
							fill="white"
							r="4"
							stroke="black"
							stroke-width="2">
						</circle>
						<circle
							cx="955.55554"
							cy="1600"
							fill="white"
							r="4"
							stroke="black"
							stroke-width="2">
						</circle>
						<circle
							cx="1194.4445"
							cy="1600"
							fill="white"
							r="4"
							stroke="black"
							stroke-width="2">
						</circle>
						<circle
							cx="1433.3333"
							cy="1600"
							fill="white"
							r="4"
							stroke="black"
							stroke-width="2">
						</circle>
						<circle
							cx="1672.2222"
							cy="1600"
							fill="white"
							r="4"
							stroke="black"
							stroke-width="2">
						</circle>
						<circle
							cx="1911.1111"
							cy="1600"
							fill="white"
							r="4"
							stroke="black"
							stroke-width="2">
						</circle>
					</g>
				</g>
				<circle
					cx="293.75"
					cy="0"
					fill="white"
					r="4"
					stroke="black"
					stroke-width="2">
				</circle>
				<circle
					cx="562.5"
					cy="0"
					fill="white"
					r="4"
					stroke="black"
					stroke-width="2">
				</circle>
				<circle
					cx="831.25"
					cy="0"
					fill="white"
					r="4"
					stroke="black"
					stroke-width="2">
				</circle>
				<circle
					cx="1100"
					cy="0"
					fill="white"
					r="4"
					stroke="black"
					stroke-width="2">
				</circle>
				<circle
					cx="1368.75"
					cy="0"
					fill="white"
					r="4"
					stroke="black"
					stroke-width="2">
				</circle>
				<circle
					cx="1637.5"
					cy="0"
					fill="white"
					r="4"
					stroke="black"
					stroke-width="2">
				</circle>
				<circle
					cx="1906.25"
					cy="0"
					fill="white"
					r="4"
					stroke="black"
					stroke-width="2">
				</circle>
				<circle
					cx="502.77777"
					cy="1700"
					fill="white"
					r="4"
					stroke="black"
					stroke-width="2">
				</circle>
				<circle
					cx="741.6666"
					cy="1700"
					fill="white"
					r="4"
					stroke="black"
					stroke-width="2">
				</circle>
				<circle
					cx="980.55554"
					cy="1700"
					fill="white"
					r="4"
					stroke="black"
					stroke-width="2">
				</circle>
				<circle
					cx="1219.4445"
					cy="1700"
					fill="white"
					r="4"
					stroke="black"
					stroke-width="2">
				</circle>
				<circle
					cx="1458.3333"
					cy="1700"
					fill="white"
					r="4"
					stroke="black"
					stroke-width="2">
				</circle>
				<circle
					cx="1697.2222"
					cy="1700"
					fill="white"
					r="4"
					stroke="black"
					stroke-width="2">
				</circle>
				<circle
					cx="1936.1111"
					cy="1700"
					fill="white"
					r="4"
					stroke="black"
					stroke-width="2">
				</circle>
			</g>
			<g
				transform="translate(2900, 1950)">
				<g>
					<rect
						fill="#FFFF80"
						height="100"
						rx="10"
						stroke="black"
						stroke-width="2"
						width="100">
					</rect>
					<text
						fill="black"
						font-size="50"
						text-anchor="middle"
						x="50"
						y="62.5">
						PRINT
					</text>
				</g>
				<circle
					cx="33.333332"
					cy="0"
					fill="white"
					r="4"
					stroke="black"
					stroke-width="2">
				</circle>
				<circle
					cx="66.666664"
					cy="0"
					fill="white"
					r="4"
					stroke="black"
					stroke-width="2">
				</circle>
				<circle
					cx="50"
					cy="100"
					fill="white"
					r="4"
					stroke="black"
					stroke-width="2">
				</circle>
			</g>
		</g>
		<g>
			<circle
				cx="1016.6667"
				cy="0"
				fill="white"
				r="4"
				stroke="black"
				stroke-width="2">
			</circle>
			<circle
				cx="2033.3334"
				cy="0"
				fill="white"
				r="4"
				stroke="black"
				stroke-width="2">
			</circle>
		</g>
		<g>
			<circle
				cx="1525"
				cy="2100"
				fill="white"
				r="4"
				stroke="black"
				stroke-width="2">
			</circle>
		</g>
	</g>
</svg>

