---
source: tests/files.rs
expression: visualization.result
---
@main(v0: int) {
  jmp .__2__;
.__127__:
  jmp .__128__;
.__126__:
  jmp .__127__;
.__125__:
  v12: int = id v96;
  v13: int = id v98;
  v14: int = id v99;
  v15: int = id v100;
  v16: int = id v101;
  v17: int = id v102;
  br v123 .__19__ .__126__;
.__124__:
  v122: int = const 1;
  v123: bool = eq v97 v122;
  jmp .__125__;
.__121__:
  jmp .__124__;
.__120__:
  jmp .__121__;
.__119__:
  jmp .__120__;
.__118__:
  jmp .__119__;
.__117__:
  jmp .__118__;
.__116__:
  jmp .__117__;
.__115__:
  jmp .__116__;
.__114__:
  jmp .__115__;
.__103__:
  v96: int = id v67;
  v97: int = id v68;
  v98: int = id v69;
  v99: int = id v70;
  v100: int = id v71;
  v101: int = id v72;
  v102: int = id v73;
  jmp .__114__;
.__95__:
  jmp .__103__;
.__94__:
  jmp .__95__;
.__93__:
  jmp .__94__;
.__92__:
  jmp .__93__;
.__91__:
  jmp .__92__;
.__90__:
  jmp .__91__;
.__89__:
  jmp .__90__;
.__88__:
  jmp .__89__;
.__74__:
  v67: int = id v12;
  v68: int = id v54;
  v69: int = id v61;
  v70: int = id v14;
  v71: int = id v15;
  v72: int = id v16;
  v73: int = id v17;
  jmp .__88__;
.__66__:
  jmp .__74__;
.__65__:
  jmp .__66__;
.__64__:
  jmp .__65__;
.__63__:
  jmp .__64__;
.__62__:
  v61: int = add v15 v59;
  jmp .__63__;
.__60__:
  v59: int = mul v16 v13;
  jmp .__62__;
.__58__:
  jmp .__60__;
.__57__:
  jmp .__58__;
.__56__:
  jmp .__57__;
.__55__:
  v54: int = const 1;
  jmp .__56__;
.__53__:
  jmp .__55__;
.__52__:
  jmp .__53__;
.__87__:
  v67: int = id v12;
  v68: int = id v77;
  v69: int = id v81;
  v70: int = id v14;
  v71: int = id v15;
  v72: int = id v16;
  v73: int = id v17;
  jmp .__88__;
.__86__:
  jmp .__87__;
.__85__:
  jmp .__86__;
.__84__:
  jmp .__85__;
.__83__:
  jmp .__84__;
.__82__:
  v81: int = div v13 v14;
  jmp .__83__;
.__80__:
  jmp .__82__;
.__79__:
  jmp .__80__;
.__78__:
  v77: int = const 1;
  jmp .__79__;
.__76__:
  jmp .__78__;
.__75__:
  jmp .__76__;
.__51__:
  br v42 .__75__ .__52__;
.__50__:
  jmp .__51__;
.__49__:
  jmp .__50__;
.__48__:
  jmp .__49__;
.__47__:
  jmp .__48__;
.__46__:
  jmp .__47__;
.__45__:
  jmp .__46__;
.__44__:
  jmp .__45__;
.__43__:
  v42: bool = eq v39 v17;
  jmp .__44__;
.__41__:
  jmp .__43__;
.__40__:
  v39: int = sub v13 v37;
  jmp .__41__;
.__38__:
  v37: int = mul v34 v14;
  jmp .__40__;
.__36__:
  jmp .__38__;
.__35__:
  v34: int = div v13 v14;
  jmp .__36__;
.__33__:
  jmp .__35__;
.__32__:
  jmp .__33__;
.__31__:
  jmp .__32__;
.__113__:
  v96: int = id v12;
  v97: int = id v106;
  v98: int = id v13;
  v99: int = id v14;
  v100: int = id v15;
  v101: int = id v16;
  v102: int = id v17;
  jmp .__114__;
.__112__:
  jmp .__113__;
.__111__:
  jmp .__112__;
.__110__:
  jmp .__111__;
.__109__:
  jmp .__110__;
.__108__:
  jmp .__109__;
.__107__:
  v106: int = const 0;
  jmp .__108__;
.__105__:
  jmp .__107__;
.__104__:
  jmp .__105__;
.__30__:
  br v21 .__104__ .__31__;
.__29__:
  jmp .__30__;
.__28__:
  jmp .__29__;
.__27__:
  jmp .__28__;
.__26__:
  jmp .__27__;
.__25__:
  jmp .__26__;
.__24__:
  jmp .__25__;
.__23__:
  jmp .__24__;
.__22__:
  v21: bool = eq v13 v15;
  jmp .__23__;
.__20__:
  jmp .__22__;
.__19__:
  jmp .__20__;
.__18__:
  v12: int = id v0;
  v13: int = id v0;
  v14: int = id v4;
  v15: int = id v6;
  v16: int = id v8;
  v17: int = id v10;
  jmp .__19__;
.__11__:
  v10: int = const 0;
  jmp .__18__;
.__9__:
  v8: int = const 3;
  jmp .__11__;
.__7__:
  v6: int = const 1;
  jmp .__9__;
.__5__:
  v4: int = const 2;
  jmp .__7__;
.__3__:
  jmp .__5__;
.__2__:
  jmp .__3__;
.__128__:
  print v12;
}

