---
source: tests/files.rs
expression: visualization.result
---
<svg
	height="1850"
	version="1.1"
	width="2825"
	xmlns="http://www.w3.org/2000/svg">
	<g
		transform="translate(0, 0)">
		<rect
			fill="white"
			height="1850"
			rx="10"
			stroke="black"
			stroke-width="2"
			width="2825">
		</rect>
		<g>
			<path
				d="M 941.6667 0V 10Q 941.6667 20 931.6667 20H 543.3333Q 533.3333 20 533.3333 30V 200"
				fill="transparent"
				stroke="black"
				stroke-linecap="round"
				stroke-width="2">
			</path>
			<path
				d="M 941.6667 0V 10Q 941.6667 20 951.6667 20H 1882.8572Q 1892.8572 20 1892.8572 30V 350"
				fill="transparent"
				stroke="black"
				stroke-linecap="round"
				stroke-width="2">
			</path>
			<path
				d="M 1883.3334 0V 20Q 1883.3334 30 1873.3334 30H 1074.2856Q 1064.2856 30 1064.2856 40V 350"
				fill="transparent"
				stroke="black"
				stroke-linecap="round"
				stroke-width="2">
			</path>
			<path
				d="M 250 300V 322.5Q 250 332.5 260 332.5H 1468.5714Q 1478.5714 332.5 1478.5714 342.5V 350"
				fill="transparent"
				stroke="black"
				stroke-linecap="round"
				stroke-width="2">
			</path>
			<path
				d="M 100 150V 165Q 100 175 110 175H 556.6667Q 566.6667 175 566.6667 185V 200"
				fill="transparent"
				stroke="black"
				stroke-linecap="round"
				stroke-width="2">
			</path>
			<path
				d="M 100 150V 165Q 100 175 110 175H 1675.7142Q 1685.7142 175 1685.7142 185V 350"
				fill="transparent"
				stroke="black"
				stroke-linecap="round"
				stroke-width="2">
			</path>
			<path
				d="M 400 300V 315Q 400 325 410 325H 1261.4286Q 1271.4286 325 1271.4286 335V 350"
				fill="transparent"
				stroke="black"
				stroke-linecap="round"
				stroke-width="2">
			</path>
			<path
				d="M 550 300V 307.5Q 550 317.5 560 317.5H 847.1428Q 857.1428 317.5 857.1428 327.5V 350"
				fill="transparent"
				stroke="black"
				stroke-linecap="round"
				stroke-width="2">
			</path>
			<path
				d="M 891.6667 1100V 1105Q 891.6667 1115 901.6667 1115H 2248.3333Q 2258.3333 1115 2258.3333 1125V 1150"
				fill="transparent"
				stroke="black"
				stroke-linecap="round"
				stroke-width="2">
			</path>
			<path
				d="M 1133.3334 1100V 1110Q 1133.3334 1120 1143.3334 1120H 2302.5Q 2312.5 1120 2312.5 1130V 1150"
				fill="transparent"
				stroke="black"
				stroke-linecap="round"
				stroke-width="2">
			</path>
			<path
				d="M 1375 1100V 1115Q 1375 1125 1385 1125H 2356.6667Q 2366.6667 1125 2366.6667 1135V 1150"
				fill="transparent"
				stroke="black"
				stroke-linecap="round"
				stroke-width="2">
			</path>
			<path
				d="M 1616.6667 1100V 1120Q 1616.6667 1130 1626.6667 1130H 2410.8333Q 2420.8333 1130 2420.8333 1140V 1150"
				fill="transparent"
				stroke="black"
				stroke-linecap="round"
				stroke-width="2">
			</path>
			<path
				d="M 1858.3334 1100V 1125Q 1858.3334 1135 1868.3334 1135H 2194.1667Q 2204.1667 1135 2204.1667 1145V 1150"
				fill="transparent"
				stroke="black"
				stroke-linecap="round"
				stroke-width="2">
			</path>
			<path
				d="M 2231.25 1500V 1507.5Q 2231.25 1517.5 2241.25 1517.5H 2731.6667Q 2741.6667 1517.5 2741.6667 1527.5V 1700"
				fill="transparent"
				stroke="black"
				stroke-linecap="round"
				stroke-width="2">
			</path>
			<path
				d="M 2312.5 1500V 1515Q 2312.5 1525 2322.5 1525H 2548.3333Q 2558.3333 1525 2558.3333 1535V 1550"
				fill="transparent"
				stroke="black"
				stroke-linecap="round"
				stroke-width="2">
			</path>
			<path
				d="M 2393.75 1500V 1522.5Q 2393.75 1532.5 2403.75 1532.5H 2581.6667Q 2591.6667 1532.5 2591.6667 1542.5V 1550"
				fill="transparent"
				stroke="black"
				stroke-linecap="round"
				stroke-width="2">
			</path>
			<path
				d="M 2575 1650V 1665Q 2575 1675 2585 1675H 2698.3333Q 2708.3333 1675 2708.3333 1685V 1700"
				fill="transparent"
				stroke="black"
				stroke-linecap="round"
				stroke-width="2">
			</path>
			<path
				d="M 2725 1800V 1815Q 2725 1825 2715 1825H 1422.5Q 1412.5 1825 1412.5 1835V 1850"
				fill="transparent"
				stroke="black"
				stroke-linecap="round"
				stroke-width="2">
			</path>
		</g>
		<g>
			<g
				transform="translate(200, 200)">
				<g>
					<rect
						fill="#FFFF80"
						height="100"
						rx="10"
						stroke="black"
						stroke-width="2"
						width="100">
					</rect>
					<text
						fill="black"
						font-size="50"
						text-anchor="middle"
						x="50"
						y="62.5">
						1
					</text>
				</g>
				<circle
					cx="50"
					cy="100"
					fill="white"
					r="4"
					stroke="black"
					stroke-width="2">
				</circle>
			</g>
			<g
				transform="translate(50, 50)">
				<g>
					<rect
						fill="#FFFF80"
						height="100"
						rx="10"
						stroke="black"
						stroke-width="2"
						width="100">
					</rect>
					<text
						fill="black"
						font-size="50"
						text-anchor="middle"
						x="50"
						y="62.5">
						2
					</text>
				</g>
				<circle
					cx="50"
					cy="100"
					fill="white"
					r="4"
					stroke="black"
					stroke-width="2">
				</circle>
			</g>
			<g
				transform="translate(350, 200)">
				<g>
					<rect
						fill="#FFFF80"
						height="100"
						rx="10"
						stroke="black"
						stroke-width="2"
						width="100">
					</rect>
					<text
						fill="black"
						font-size="50"
						text-anchor="middle"
						x="50"
						y="62.5">
						0
					</text>
				</g>
				<circle
					cx="50"
					cy="100"
					fill="white"
					r="4"
					stroke="black"
					stroke-width="2">
				</circle>
			</g>
			<g
				transform="translate(500, 200)">
				<g>
					<rect
						fill="#FFFF80"
						height="100"
						rx="10"
						stroke="black"
						stroke-width="2"
						width="100">
					</rect>
					<text
						fill="black"
						font-size="50"
						text-anchor="middle"
						x="50"
						y="62.5">
						lt
					</text>
				</g>
				<circle
					cx="33.333332"
					cy="0"
					fill="white"
					r="4"
					stroke="black"
					stroke-width="2">
				</circle>
				<circle
					cx="66.666664"
					cy="0"
					fill="white"
					r="4"
					stroke="black"
					stroke-width="2">
				</circle>
				<circle
					cx="50"
					cy="100"
					fill="white"
					r="4"
					stroke="black"
					stroke-width="2">
				</circle>
			</g>
			<g
				transform="translate(650, 350)">
				<rect
					fill="#80FF80"
					height="750"
					rx="10"
					stroke="black"
					stroke-width="2"
					width="1450">
				</rect>
				<text
					fill="black"
					font-size="50"
					x="25"
					y="50">
					match
				</text>
				<g>
					<g
						transform="translate(25, 125)">
						<rect
							fill="white"
							height="200"
							rx="10"
							stroke="black"
							stroke-width="2"
							width="350">
						</rect>
						<g>
							<path
								d="M 58.333332 0V 155Q 58.333332 165 58.333332 165H 58.333332Q 58.333332 165 58.333332 175V 200"
								fill="transparent"
								stroke="black"
								stroke-linecap="round"
								stroke-width="2">
							</path>
							<path
								d="M 116.666664 0V 10Q 116.666664 20 106.666664 20H 93.33333Q 83.33333 20 83.33333 30V 50"
								fill="transparent"
								stroke="black"
								stroke-linecap="round"
								stroke-width="2">
							</path>
							<path
								d="M 175 0V 165Q 175 175 175 175H 175Q 175 175 175 185V 200"
								fill="transparent"
								stroke="black"
								stroke-linecap="round"
								stroke-width="2">
							</path>
							<path
								d="M 175 0V 15Q 175 25 165 25H 126.666664Q 116.666664 25 116.666664 35V 50"
								fill="transparent"
								stroke="black"
								stroke-linecap="round"
								stroke-width="2">
							</path>
							<path
								d="M 233.33333 0V 170Q 233.33333 180 233.33333 180H 233.33333Q 233.33333 180 233.33333 190V 200"
								fill="transparent"
								stroke="black"
								stroke-linecap="round"
								stroke-width="2">
							</path>
							<path
								d="M 100 150V 160Q 100 170 108.33333 170H 108.33333Q 116.666664 170 116.666664 180V 200"
								fill="transparent"
								stroke="black"
								stroke-linecap="round"
								stroke-width="2">
							</path>
							<path
								d="M 250 150V 175Q 250 185 260 185H 281.66666Q 291.66666 185 291.66666 195V 200"
								fill="transparent"
								stroke="black"
								stroke-linecap="round"
								stroke-width="2">
							</path>
						</g>
						<g>
							<g
								transform="translate(50, 50)">
								<g>
									<rect
										fill="#FFFF80"
										height="100"
										rx="10"
										stroke="black"
										stroke-width="2"
										width="100">
									</rect>
									<text
										fill="black"
										font-size="50"
										text-anchor="middle"
										x="50"
										y="62.5">
										add
									</text>
								</g>
								<circle
									cx="33.333332"
									cy="0"
									fill="white"
									r="4"
									stroke="black"
									stroke-width="2">
								</circle>
								<circle
									cx="66.666664"
									cy="0"
									fill="white"
									r="4"
									stroke="black"
									stroke-width="2">
								</circle>
								<circle
									cx="50"
									cy="100"
									fill="white"
									r="4"
									stroke="black"
									stroke-width="2">
								</circle>
							</g>
							<g
								transform="translate(200, 50)">
								<g>
									<rect
										fill="#FFFF80"
										height="100"
										rx="10"
										stroke="black"
										stroke-width="2"
										width="100">
									</rect>
									<text
										fill="black"
										font-size="50"
										text-anchor="middle"
										x="50"
										y="62.5">
										0
									</text>
								</g>
								<circle
									cx="50"
									cy="100"
									fill="white"
									r="4"
									stroke="black"
									stroke-width="2">
								</circle>
							</g>
						</g>
						<g>
							<circle
								cx="58.333332"
								cy="0"
								fill="white"
								r="4"
								stroke="black"
								stroke-width="2">
							</circle>
							<circle
								cx="116.666664"
								cy="0"
								fill="white"
								r="4"
								stroke="black"
								stroke-width="2">
							</circle>
							<circle
								cx="175"
								cy="0"
								fill="white"
								r="4"
								stroke="black"
								stroke-width="2">
							</circle>
							<circle
								cx="233.33333"
								cy="0"
								fill="white"
								r="4"
								stroke="black"
								stroke-width="2">
							</circle>
							<circle
								cx="291.66666"
								cy="0"
								fill="white"
								r="4"
								stroke="black"
								stroke-width="2">
							</circle>
						</g>
						<g>
							<circle
								cx="58.333332"
								cy="200"
								fill="white"
								r="4"
								stroke="black"
								stroke-width="2">
							</circle>
							<circle
								cx="116.666664"
								cy="200"
								fill="white"
								r="4"
								stroke="black"
								stroke-width="2">
							</circle>
							<circle
								cx="175"
								cy="200"
								fill="white"
								r="4"
								stroke="black"
								stroke-width="2">
							</circle>
							<circle
								cx="233.33333"
								cy="200"
								fill="white"
								r="4"
								stroke="black"
								stroke-width="2">
							</circle>
							<circle
								cx="291.66666"
								cy="200"
								fill="white"
								r="4"
								stroke="black"
								stroke-width="2">
							</circle>
						</g>
					</g>
					<text
						fill="black"
						font-size="50"
						text-anchor="middle"
						x="200"
						y="100">
						0
					</text>
				</g>
				<g>
					<g
						transform="translate(400, 125)">
						<rect
							fill="white"
							height="600"
							rx="10"
							stroke="black"
							stroke-width="2"
							width="1025">
						</rect>
						<g>
							<path
								d="M 170.83333 0V 5Q 170.83333 15 180.83333 15H 548.3333Q 558.3333 15 558.3333 25V 200"
								fill="transparent"
								stroke="black"
								stroke-linecap="round"
								stroke-width="2">
							</path>
							<path
								d="M 341.66666 0V 10Q 341.66666 20 331.66666 20H 243.33333Q 233.33333 20 233.33333 30V 50"
								fill="transparent"
								stroke="black"
								stroke-linecap="round"
								stroke-width="2">
							</path>
							<path
								d="M 512.5 0V 15Q 512.5 25 522.5 25H 756.6666Q 766.6666 25 766.6666 35V 200"
								fill="transparent"
								stroke="black"
								stroke-linecap="round"
								stroke-width="2">
							</path>
							<path
								d="M 683.3333 0V 20Q 683.3333 30 673.3333 30H 93.33333Q 83.33333 30 83.33333 40V 50"
								fill="transparent"
								stroke="black"
								stroke-linecap="round"
								stroke-width="2">
							</path>
							<path
								d="M 683.3333 0V 20Q 683.3333 30 673.3333 30H 276.66666Q 266.66666 30 266.66666 40V 50"
								fill="transparent"
								stroke="black"
								stroke-linecap="round"
								stroke-width="2">
							</path>
							<path
								d="M 683.3333 0V 20Q 683.3333 30 693.3333 30H 860.8333Q 870.8333 30 870.8333 40V 200"
								fill="transparent"
								stroke="black"
								stroke-linecap="round"
								stroke-width="2">
							</path>
							<path
								d="M 854.1666 0V 25Q 854.1666 35 844.1666 35H 126.666664Q 116.666664 35 116.666664 45V 50"
								fill="transparent"
								stroke="black"
								stroke-linecap="round"
								stroke-width="2">
							</path>
							<path
								d="M 100 150V 170Q 100 180 110 180H 444.16666Q 454.16666 180 454.16666 190V 200"
								fill="transparent"
								stroke="black"
								stroke-linecap="round"
								stroke-width="2">
							</path>
							<path
								d="M 250 150V 160Q 250 170 260 170H 652.5Q 662.5 170 662.5 180V 200"
								fill="transparent"
								stroke="black"
								stroke-linecap="round"
								stroke-width="2">
							</path>
							<path
								d="M 454.16666 550V 555Q 454.16666 565 444.16666 565H 180.83333Q 170.83333 565 170.83333 575V 600"
								fill="transparent"
								stroke="black"
								stroke-linecap="round"
								stroke-width="2">
							</path>
							<path
								d="M 558.3333 550V 560Q 558.3333 570 548.3333 570H 351.66666Q 341.66666 570 341.66666 580V 600"
								fill="transparent"
								stroke="black"
								stroke-linecap="round"
								stroke-width="2">
							</path>
							<path
								d="M 662.5 550V 565Q 662.5 575 652.5 575H 522.5Q 512.5 575 512.5 585V 600"
								fill="transparent"
								stroke="black"
								stroke-linecap="round"
								stroke-width="2">
							</path>
							<path
								d="M 766.6666 550V 570Q 766.6666 580 756.6666 580H 693.3333Q 683.3333 580 683.3333 590V 600"
								fill="transparent"
								stroke="black"
								stroke-linecap="round"
								stroke-width="2">
							</path>
							<path
								d="M 870.8333 550V 575Q 870.8333 585 862.5 585H 862.5Q 854.1666 585 854.1666 595V 600"
								fill="transparent"
								stroke="black"
								stroke-linecap="round"
								stroke-width="2">
							</path>
						</g>
						<g>
							<g
								transform="translate(50, 50)">
								<g>
									<rect
										fill="#FFFF80"
										height="100"
										rx="10"
										stroke="black"
										stroke-width="2"
										width="100">
									</rect>
									<text
										fill="black"
										font-size="50"
										text-anchor="middle"
										x="50"
										y="62.5">
										lt
									</text>
								</g>
								<circle
									cx="33.333332"
									cy="0"
									fill="white"
									r="4"
									stroke="black"
									stroke-width="2">
								</circle>
								<circle
									cx="66.666664"
									cy="0"
									fill="white"
									r="4"
									stroke="black"
									stroke-width="2">
								</circle>
								<circle
									cx="50"
									cy="100"
									fill="white"
									r="4"
									stroke="black"
									stroke-width="2">
								</circle>
							</g>
							<g
								transform="translate(200, 50)">
								<g>
									<rect
										fill="#FFFF80"
										height="100"
										rx="10"
										stroke="black"
										stroke-width="2"
										width="100">
									</rect>
									<text
										fill="black"
										font-size="50"
										text-anchor="middle"
										x="50"
										y="62.5">
										add
									</text>
								</g>
								<circle
									cx="33.333332"
									cy="0"
									fill="white"
									r="4"
									stroke="black"
									stroke-width="2">
								</circle>
								<circle
									cx="66.666664"
									cy="0"
									fill="white"
									r="4"
									stroke="black"
									stroke-width="2">
								</circle>
								<circle
									cx="50"
									cy="100"
									fill="white"
									r="4"
									stroke="black"
									stroke-width="2">
								</circle>
							</g>
							<g
								transform="translate(350, 200)">
								<rect
									fill="#80FF80"
									height="350"
									rx="10"
									stroke="black"
									stroke-width="2"
									width="625">
								</rect>
								<text
									fill="black"
									font-size="50"
									x="25"
									y="50">
									match
								</text>
								<g>
									<g
										transform="translate(25, 125)">
										<rect
											fill="white"
											height="200"
											rx="10"
											stroke="black"
											stroke-width="2"
											width="200">
										</rect>
										<g>
											<path
												d="M 40 0V 155Q 40 165 36.666664 165H 36.666664Q 33.333332 165 33.333332 175V 200"
												fill="transparent"
												stroke="black"
												stroke-linecap="round"
												stroke-width="2">
											</path>
											<path
												d="M 80 0V 160Q 80 170 73.33333 170H 73.33333Q 66.666664 170 66.666664 180V 200"
												fill="transparent"
												stroke="black"
												stroke-linecap="round"
												stroke-width="2">
											</path>
											<path
												d="M 120 0V 165Q 120 175 110 175H 110Q 100 175 100 185V 200"
												fill="transparent"
												stroke="black"
												stroke-linecap="round"
												stroke-width="2">
											</path>
											<path
												d="M 160 0V 170Q 160 180 150 180H 143.33333Q 133.33333 180 133.33333 190V 200"
												fill="transparent"
												stroke="black"
												stroke-linecap="round"
												stroke-width="2">
											</path>
											<path
												d="M 100 150V 175Q 100 185 110 185H 156.66666Q 166.66666 185 166.66666 195V 200"
												fill="transparent"
												stroke="black"
												stroke-linecap="round"
												stroke-width="2">
											</path>
										</g>
										<g>
											<g
												transform="translate(50, 50)">
												<g>
													<rect
														fill="#FFFF80"
														height="100"
														rx="10"
														stroke="black"
														stroke-width="2"
														width="100">
													</rect>
													<text
														fill="black"
														font-size="50"
														text-anchor="middle"
														x="50"
														y="62.5">
														0
													</text>
												</g>
												<circle
													cx="50"
													cy="100"
													fill="white"
													r="4"
													stroke="black"
													stroke-width="2">
												</circle>
											</g>
										</g>
										<g>
											<circle
												cx="40"
												cy="0"
												fill="white"
												r="4"
												stroke="black"
												stroke-width="2">
											</circle>
											<circle
												cx="80"
												cy="0"
												fill="white"
												r="4"
												stroke="black"
												stroke-width="2">
											</circle>
											<circle
												cx="120"
												cy="0"
												fill="white"
												r="4"
												stroke="black"
												stroke-width="2">
											</circle>
											<circle
												cx="160"
												cy="0"
												fill="white"
												r="4"
												stroke="black"
												stroke-width="2">
											</circle>
										</g>
										<g>
											<circle
												cx="33.333332"
												cy="200"
												fill="white"
												r="4"
												stroke="black"
												stroke-width="2">
											</circle>
											<circle
												cx="66.666664"
												cy="200"
												fill="white"
												r="4"
												stroke="black"
												stroke-width="2">
											</circle>
											<circle
												cx="100"
												cy="200"
												fill="white"
												r="4"
												stroke="black"
												stroke-width="2">
											</circle>
											<circle
												cx="133.33333"
												cy="200"
												fill="white"
												r="4"
												stroke="black"
												stroke-width="2">
											</circle>
											<circle
												cx="166.66666"
												cy="200"
												fill="white"
												r="4"
												stroke="black"
												stroke-width="2">
											</circle>
										</g>
									</g>
									<text
										fill="black"
										font-size="50"
										text-anchor="middle"
										x="125"
										y="100">
										0
									</text>
								</g>
								<g>
									<g
										transform="translate(250, 125)">
										<rect
											fill="white"
											height="200"
											rx="10"
											stroke="black"
											stroke-width="2"
											width="350">
										</rect>
										<g>
											<path
												d="M 70 0V 155Q 70 165 64.166664 165H 64.166664Q 58.333332 165 58.333332 175V 200"
												fill="transparent"
												stroke="black"
												stroke-linecap="round"
												stroke-width="2">
											</path>
											<path
												d="M 140 0V 12Q 140 22 130 22H 93.33333Q 83.33333 22 83.33333 32V 50"
												fill="transparent"
												stroke="black"
												stroke-linecap="round"
												stroke-width="2">
											</path>
											<path
												d="M 210 0V 165Q 210 175 200 175H 185Q 175 175 175 185V 200"
												fill="transparent"
												stroke="black"
												stroke-linecap="round"
												stroke-width="2">
											</path>
											<path
												d="M 280 0V 170Q 280 180 270 180H 243.33333Q 233.33333 180 233.33333 190V 200"
												fill="transparent"
												stroke="black"
												stroke-linecap="round"
												stroke-width="2">
											</path>
											<path
												d="M 280 0V 24Q 280 34 270 34H 126.666664Q 116.666664 34 116.666664 44V 50"
												fill="transparent"
												stroke="black"
												stroke-linecap="round"
												stroke-width="2">
											</path>
											<path
												d="M 100 150V 160Q 100 170 108.33333 170H 108.33333Q 116.666664 170 116.666664 180V 200"
												fill="transparent"
												stroke="black"
												stroke-linecap="round"
												stroke-width="2">
											</path>
											<path
												d="M 250 150V 175Q 250 185 260 185H 281.66666Q 291.66666 185 291.66666 195V 200"
												fill="transparent"
												stroke="black"
												stroke-linecap="round"
												stroke-width="2">
											</path>
										</g>
										<g>
											<g
												transform="translate(50, 50)">
												<g>
													<rect
														fill="#FFFF80"
														height="100"
														rx="10"
														stroke="black"
														stroke-width="2"
														width="100">
													</rect>
													<text
														fill="black"
														font-size="50"
														text-anchor="middle"
														x="50"
														y="62.5">
														add
													</text>
												</g>
												<circle
													cx="33.333332"
													cy="0"
													fill="white"
													r="4"
													stroke="black"
													stroke-width="2">
												</circle>
												<circle
													cx="66.666664"
													cy="0"
													fill="white"
													r="4"
													stroke="black"
													stroke-width="2">
												</circle>
												<circle
													cx="50"
													cy="100"
													fill="white"
													r="4"
													stroke="black"
													stroke-width="2">
												</circle>
											</g>
											<g
												transform="translate(200, 50)">
												<g>
													<rect
														fill="#FFFF80"
														height="100"
														rx="10"
														stroke="black"
														stroke-width="2"
														width="100">
													</rect>
													<text
														fill="black"
														font-size="50"
														text-anchor="middle"
														x="50"
														y="62.5">
														1
													</text>
												</g>
												<circle
													cx="50"
													cy="100"
													fill="white"
													r="4"
													stroke="black"
													stroke-width="2">
												</circle>
											</g>
										</g>
										<g>
											<circle
												cx="70"
												cy="0"
												fill="white"
												r="4"
												stroke="black"
												stroke-width="2">
											</circle>
											<circle
												cx="140"
												cy="0"
												fill="white"
												r="4"
												stroke="black"
												stroke-width="2">
											</circle>
											<circle
												cx="210"
												cy="0"
												fill="white"
												r="4"
												stroke="black"
												stroke-width="2">
											</circle>
											<circle
												cx="280"
												cy="0"
												fill="white"
												r="4"
												stroke="black"
												stroke-width="2">
											</circle>
										</g>
										<g>
											<circle
												cx="58.333332"
												cy="200"
												fill="white"
												r="4"
												stroke="black"
												stroke-width="2">
											</circle>
											<circle
												cx="116.666664"
												cy="200"
												fill="white"
												r="4"
												stroke="black"
												stroke-width="2">
											</circle>
											<circle
												cx="175"
												cy="200"
												fill="white"
												r="4"
												stroke="black"
												stroke-width="2">
											</circle>
											<circle
												cx="233.33333"
												cy="200"
												fill="white"
												r="4"
												stroke="black"
												stroke-width="2">
											</circle>
											<circle
												cx="291.66666"
												cy="200"
												fill="white"
												r="4"
												stroke="black"
												stroke-width="2">
											</circle>
										</g>
									</g>
									<text
										fill="black"
										font-size="50"
										text-anchor="middle"
										x="425"
										y="100">
										1
									</text>
								</g>
								<circle
									cx="104.166664"
									cy="0"
									fill="black"
									r="4"
									stroke="black"
									stroke-width="2">
								</circle>
								<circle
									cx="208.33333"
									cy="0"
									fill="white"
									r="4"
									stroke="black"
									stroke-width="2">
								</circle>
								<circle
									cx="312.5"
									cy="0"
									fill="white"
									r="4"
									stroke="black"
									stroke-width="2">
								</circle>
								<circle
									cx="416.66666"
									cy="0"
									fill="white"
									r="4"
									stroke="black"
									stroke-width="2">
								</circle>
								<circle
									cx="520.8333"
									cy="0"
									fill="white"
									r="4"
									stroke="black"
									stroke-width="2">
								</circle>
								<circle
									cx="104.166664"
									cy="350"
									fill="white"
									r="4"
									stroke="black"
									stroke-width="2">
								</circle>
								<circle
									cx="208.33333"
									cy="350"
									fill="white"
									r="4"
									stroke="black"
									stroke-width="2">
								</circle>
								<circle
									cx="312.5"
									cy="350"
									fill="white"
									r="4"
									stroke="black"
									stroke-width="2">
								</circle>
								<circle
									cx="416.66666"
									cy="350"
									fill="white"
									r="4"
									stroke="black"
									stroke-width="2">
								</circle>
								<circle
									cx="520.8333"
									cy="350"
									fill="white"
									r="4"
									stroke="black"
									stroke-width="2">
								</circle>
							</g>
						</g>
						<g>
							<circle
								cx="170.83333"
								cy="0"
								fill="white"
								r="4"
								stroke="black"
								stroke-width="2">
							</circle>
							<circle
								cx="341.66666"
								cy="0"
								fill="white"
								r="4"
								stroke="black"
								stroke-width="2">
							</circle>
							<circle
								cx="512.5"
								cy="0"
								fill="white"
								r="4"
								stroke="black"
								stroke-width="2">
							</circle>
							<circle
								cx="683.3333"
								cy="0"
								fill="white"
								r="4"
								stroke="black"
								stroke-width="2">
							</circle>
							<circle
								cx="854.1666"
								cy="0"
								fill="white"
								r="4"
								stroke="black"
								stroke-width="2">
							</circle>
						</g>
						<g>
							<circle
								cx="170.83333"
								cy="600"
								fill="white"
								r="4"
								stroke="black"
								stroke-width="2">
							</circle>
							<circle
								cx="341.66666"
								cy="600"
								fill="white"
								r="4"
								stroke="black"
								stroke-width="2">
							</circle>
							<circle
								cx="512.5"
								cy="600"
								fill="white"
								r="4"
								stroke="black"
								stroke-width="2">
							</circle>
							<circle
								cx="683.3333"
								cy="600"
								fill="white"
								r="4"
								stroke="black"
								stroke-width="2">
							</circle>
							<circle
								cx="854.1666"
								cy="600"
								fill="white"
								r="4"
								stroke="black"
								stroke-width="2">
							</circle>
						</g>
					</g>
					<text
						fill="black"
						font-size="50"
						text-anchor="middle"
						x="912.5"
						y="100">
						1
					</text>
				</g>
				<circle
					cx="207.14285"
					cy="0"
					fill="black"
					r="4"
					stroke="black"
					stroke-width="2">
				</circle>
				<circle
					cx="414.2857"
					cy="0"
					fill="white"
					r="4"
					stroke="black"
					stroke-width="2">
				</circle>
				<circle
					cx="621.4286"
					cy="0"
					fill="white"
					r="4"
					stroke="black"
					stroke-width="2">
				</circle>
				<circle
					cx="828.5714"
					cy="0"
					fill="white"
					r="4"
					stroke="black"
					stroke-width="2">
				</circle>
				<circle
					cx="1035.7142"
					cy="0"
					fill="white"
					r="4"
					stroke="black"
					stroke-width="2">
				</circle>
				<circle
					cx="1242.8572"
					cy="0"
					fill="white"
					r="4"
					stroke="black"
					stroke-width="2">
				</circle>
				<circle
					cx="241.66667"
					cy="750"
					fill="white"
					r="4"
					stroke="black"
					stroke-width="2">
				</circle>
				<circle
					cx="483.33334"
					cy="750"
					fill="white"
					r="4"
					stroke="black"
					stroke-width="2">
				</circle>
				<circle
					cx="725"
					cy="750"
					fill="white"
					r="4"
					stroke="black"
					stroke-width="2">
				</circle>
				<circle
					cx="966.6667"
					cy="750"
					fill="white"
					r="4"
					stroke="black"
					stroke-width="2">
				</circle>
				<circle
					cx="1208.3334"
					cy="750"
					fill="white"
					r="4"
					stroke="black"
					stroke-width="2">
				</circle>
			</g>
			<g
				transform="translate(2150, 1150)">
				<rect
					fill="#80FF80"
					height="350"
					rx="10"
					stroke="black"
					stroke-width="2"
					width="325">
				</rect>
				<text
					fill="black"
					font-size="50"
					x="25"
					y="50">
					match
				</text>
				<g>
					<g
						transform="translate(25, 125)">
						<rect
							fill="white"
							height="200"
							rx="10"
							stroke="black"
							stroke-width="2"
							width="200">
						</rect>
						<g>
							<path
								d="M 40 0V 157.5Q 40 167.5 45 167.5H 45Q 50 167.5 50 177.5V 200"
								fill="transparent"
								stroke="black"
								stroke-linecap="round"
								stroke-width="2">
							</path>
							<path
								d="M 80 0V 12Q 80 22 81.666664 22H 81.666664Q 83.33333 22 83.33333 32V 50"
								fill="transparent"
								stroke="black"
								stroke-linecap="round"
								stroke-width="2">
							</path>
							<path
								d="M 120 0V 172.5Q 120 182.5 130 182.5H 140Q 150 182.5 150 192.5V 200"
								fill="transparent"
								stroke="black"
								stroke-linecap="round"
								stroke-width="2">
							</path>
							<path
								d="M 160 0V 24Q 160 34 150 34H 126.666664Q 116.666664 34 116.666664 44V 50"
								fill="transparent"
								stroke="black"
								stroke-linecap="round"
								stroke-width="2">
							</path>
							<path
								d="M 100 150V 165Q 100 175 100 175H 100Q 100 175 100 185V 200"
								fill="transparent"
								stroke="black"
								stroke-linecap="round"
								stroke-width="2">
							</path>
						</g>
						<g>
							<g
								transform="translate(50, 50)">
								<g>
									<rect
										fill="#FFFF80"
										height="100"
										rx="10"
										stroke="black"
										stroke-width="2"
										width="100">
									</rect>
									<text
										fill="black"
										font-size="50"
										text-anchor="middle"
										x="50"
										y="62.5">
										add
									</text>
								</g>
								<circle
									cx="33.333332"
									cy="0"
									fill="white"
									r="4"
									stroke="black"
									stroke-width="2">
								</circle>
								<circle
									cx="66.666664"
									cy="0"
									fill="white"
									r="4"
									stroke="black"
									stroke-width="2">
								</circle>
								<circle
									cx="50"
									cy="100"
									fill="white"
									r="4"
									stroke="black"
									stroke-width="2">
								</circle>
							</g>
						</g>
						<g>
							<circle
								cx="40"
								cy="0"
								fill="white"
								r="4"
								stroke="black"
								stroke-width="2">
							</circle>
							<circle
								cx="80"
								cy="0"
								fill="white"
								r="4"
								stroke="black"
								stroke-width="2">
							</circle>
							<circle
								cx="120"
								cy="0"
								fill="white"
								r="4"
								stroke="black"
								stroke-width="2">
							</circle>
							<circle
								cx="160"
								cy="0"
								fill="white"
								r="4"
								stroke="black"
								stroke-width="2">
							</circle>
						</g>
						<g>
							<circle
								cx="50"
								cy="200"
								fill="white"
								r="4"
								stroke="black"
								stroke-width="2">
							</circle>
							<circle
								cx="100"
								cy="200"
								fill="white"
								r="4"
								stroke="black"
								stroke-width="2">
							</circle>
							<circle
								cx="150"
								cy="200"
								fill="white"
								r="4"
								stroke="black"
								stroke-width="2">
							</circle>
						</g>
					</g>
					<text
						fill="black"
						font-size="50"
						text-anchor="middle"
						x="125"
						y="100">
						0
					</text>
				</g>
				<g>
					<g
						transform="translate(250, 125)">
						<rect
							fill="white"
							height="50"
							rx="10"
							stroke="black"
							stroke-width="2"
							width="50">
						</rect>
						<g>
							<path
								d="M 10 0V 7.5Q 10 17.5 11.25 17.5H 11.25Q 12.5 17.5 12.5 27.5V 50"
								fill="transparent"
								stroke="black"
								stroke-linecap="round"
								stroke-width="2">
							</path>
							<path
								d="M 20 0V 15Q 20 25 22.5 25H 22.5Q 25 25 25 35V 50"
								fill="transparent"
								stroke="black"
								stroke-linecap="round"
								stroke-width="2">
							</path>
							<path
								d="M 30 0V 22.5Q 30 32.5 33.75 32.5H 33.75Q 37.5 32.5 37.5 42.5V 50"
								fill="transparent"
								stroke="black"
								stroke-linecap="round"
								stroke-width="2">
							</path>
						</g>
						<g>
						</g>
						<g>
							<circle
								cx="10"
								cy="0"
								fill="white"
								r="4"
								stroke="black"
								stroke-width="2">
							</circle>
							<circle
								cx="20"
								cy="0"
								fill="white"
								r="4"
								stroke="black"
								stroke-width="2">
							</circle>
							<circle
								cx="30"
								cy="0"
								fill="white"
								r="4"
								stroke="black"
								stroke-width="2">
							</circle>
							<circle
								cx="40"
								cy="0"
								fill="white"
								r="4"
								stroke="black"
								stroke-width="2">
							</circle>
						</g>
						<g>
							<circle
								cx="12.5"
								cy="50"
								fill="white"
								r="4"
								stroke="black"
								stroke-width="2">
							</circle>
							<circle
								cx="25"
								cy="50"
								fill="white"
								r="4"
								stroke="black"
								stroke-width="2">
							</circle>
							<circle
								cx="37.5"
								cy="50"
								fill="white"
								r="4"
								stroke="black"
								stroke-width="2">
							</circle>
						</g>
					</g>
					<text
						fill="black"
						font-size="50"
						text-anchor="middle"
						x="275"
						y="100">
						1
					</text>
				</g>
				<circle
					cx="54.166668"
					cy="0"
					fill="black"
					r="4"
					stroke="black"
					stroke-width="2">
				</circle>
				<circle
					cx="108.333336"
					cy="0"
					fill="white"
					r="4"
					stroke="black"
					stroke-width="2">
				</circle>
				<circle
					cx="162.5"
					cy="0"
					fill="white"
					r="4"
					stroke="black"
					stroke-width="2">
				</circle>
				<circle
					cx="216.66667"
					cy="0"
					fill="white"
					r="4"
					stroke="black"
					stroke-width="2">
				</circle>
				<circle
					cx="270.83334"
					cy="0"
					fill="white"
					r="4"
					stroke="black"
					stroke-width="2">
				</circle>
				<circle
					cx="81.25"
					cy="350"
					fill="white"
					r="4"
					stroke="black"
					stroke-width="2">
				</circle>
				<circle
					cx="162.5"
					cy="350"
					fill="white"
					r="4"
					stroke="black"
					stroke-width="2">
				</circle>
				<circle
					cx="243.75"
					cy="350"
					fill="white"
					r="4"
					stroke="black"
					stroke-width="2">
				</circle>
			</g>
			<g
				transform="translate(2525, 1550)">
				<g>
					<rect
						fill="#FFFF80"
						height="100"
						rx="10"
						stroke="black"
						stroke-width="2"
						width="100">
					</rect>
					<text
						fill="black"
						font-size="50"
						text-anchor="middle"
						x="50"
						y="62.5">
						add
					</text>
				</g>
				<circle
					cx="33.333332"
					cy="0"
					fill="white"
					r="4"
					stroke="black"
					stroke-width="2">
				</circle>
				<circle
					cx="66.666664"
					cy="0"
					fill="white"
					r="4"
					stroke="black"
					stroke-width="2">
				</circle>
				<circle
					cx="50"
					cy="100"
					fill="white"
					r="4"
					stroke="black"
					stroke-width="2">
				</circle>
			</g>
			<g
				transform="translate(2675, 1700)">
				<g>
					<rect
						fill="#FFFF80"
						height="100"
						rx="10"
						stroke="black"
						stroke-width="2"
						width="100">
					</rect>
					<text
						fill="black"
						font-size="50"
						text-anchor="middle"
						x="50"
						y="62.5">
						PRINT
					</text>
				</g>
				<circle
					cx="33.333332"
					cy="0"
					fill="white"
					r="4"
					stroke="black"
					stroke-width="2">
				</circle>
				<circle
					cx="66.666664"
					cy="0"
					fill="white"
					r="4"
					stroke="black"
					stroke-width="2">
				</circle>
				<circle
					cx="50"
					cy="100"
					fill="white"
					r="4"
					stroke="black"
					stroke-width="2">
				</circle>
			</g>
		</g>
		<g>
			<circle
				cx="941.6667"
				cy="0"
				fill="white"
				r="4"
				stroke="black"
				stroke-width="2">
			</circle>
			<circle
				cx="1883.3334"
				cy="0"
				fill="white"
				r="4"
				stroke="black"
				stroke-width="2">
			</circle>
		</g>
		<g>
			<circle
				cx="1412.5"
				cy="1850"
				fill="white"
				r="4"
				stroke="black"
				stroke-width="2">
			</circle>
		</g>
	</g>
</svg>

