---
source: tests/files.rs
expression: visualization.result
---
# ARGS: 8888
@main(v0: int) {
.b1_:
  c2_: int = const 1;
  c3_: int = const 3;
  c4_: int = const 2;
  c5_: int = const 0;
  v6_: int = id v0;
  v7_: int = id c2_;
  v8_: int = id c3_;
  v9_: int = id c4_;
  v10_: int = id c5_;
.b11_:
  v12_: bool = eq v6_ v7_;
  v13_: int = id v6_;
  v14_: int = id v7_;
  v15_: int = id v8_;
  v16_: int = id v9_;
  v17_: int = id v10_;
  br v12_ .b18_ .b19_;
.b19_:
  print v6_;
  v20_: int = div v6_ v9_;
  v21_: int = mul v20_ v9_;
  v22_: int = sub v6_ v21_;
  v23_: bool = eq v10_ v22_;
  v24_: int = mul v6_ v8_;
  v25_: int = add v24_ v7_;
  v26_: int = select v23_ v20_ v25_;
  v13_: int = id v26_;
  v14_: int = id v7_;
  v15_: int = id v8_;
  v16_: int = id v9_;
  v17_: int = id v10_;
.b18_:
  v27_: bool = not v12_;
  v6_: int = id v13_;
  v7_: int = id v14_;
  v8_: int = id v15_;
  v9_: int = id v16_;
  v10_: int = id v17_;
  br v27_ .b11_ .b28_;
.b28_:
  print v0;
  ret;
}
