---
source: tests/files.rs
expression: visualization.result
---
# ARGS: 0
@main(v0: int) {
  c1_: int = const 0;
  c2_: int = const 500;
  v3_: bool = eq c1_ v0;
  v4_: int = id c1_;
  v5_: int = id c1_;
  v6_: int = id v0;
  v7_: int = id c1_;
  v8_: int = id c2_;
  v9_: bool = id v3_;
.b10_:
  c11_: int = const 1;
  c12_: int = const 2;
  v13_: int = add c12_ v5_;
  v14_: int = add c11_ v13_;
  v15_: int = mul c12_ v14_;
  c16_: int = const 3;
  v17_: int = mul c16_ v14_;
  v18_: int = select v9_ v15_ v17_;
  v19_: int = add c12_ v13_;
  v20_: bool = lt v19_ v8_;
  v4_: int = id v18_;
  v5_: int = id v19_;
  v6_: int = id v6_;
  v7_: int = id v7_;
  v8_: int = id v8_;
  v9_: bool = id v9_;
  br v20_ .b10_ .b21_;
.b21_:
  print v4_;
  ret;
}
