---
source: tests/files.rs
expression: visualization.result
---
# ARGS: 1
@main(v0: int) {
.b1_:
  c2_: int = const 0;
  v3_: bool = le v0 c2_;
  c4_: int = const 3;
  c5_: int = const 2;
  br v3_ .b6_ .b7_;
.b6_:
  v8_: bool = lt v0 c2_;
  c9_: bool = const true;
  c10_: int = const 1;
  c11_: int = const 2;
  v12_: int = id c11_;
  v13_: bool = id c9_;
  v14_: int = id c10_;
  br v8_ .b15_ .b16_;
.b15_:
  v12_: int = id c10_;
  v13_: bool = id c9_;
  v14_: int = id c10_;
  v17_: int = id v12_;
  v18_: bool = id v13_;
  v19_: int = id v14_;
  print v19_;
  print v3_;
  print v17_;
  ret;
  jmp .b20_;
.b16_:
  v17_: int = id v12_;
  v18_: bool = id v13_;
  v19_: int = id v14_;
  print v19_;
  print v3_;
  print v17_;
  ret;
  jmp .b20_;
.b7_:
  v21_: bool = gt v0 c5_;
  c22_: bool = const false;
  c23_: int = const 2;
  v24_: int = id c23_;
  v25_: bool = id c22_;
  v26_: int = id c2_;
  br v21_ .b27_ .b28_;
.b27_:
  v29_: bool = gt v0 c4_;
  c30_: int = const 4;
  v31_: int = id c30_;
  v32_: bool = id c22_;
  v33_: int = id c2_;
  br v29_ .b34_ .b35_;
.b34_:
  c36_: int = const 3;
  v31_: int = id c36_;
  v32_: bool = id c22_;
  v33_: int = id c2_;
  v24_: int = id v31_;
  v25_: bool = id v32_;
  v26_: int = id v33_;
  v17_: int = id v24_;
  v18_: bool = id v25_;
  v19_: int = id v26_;
  print v19_;
  print v3_;
  print v17_;
  ret;
  jmp .b20_;
.b35_:
  v24_: int = id v31_;
  v25_: bool = id v32_;
  v26_: int = id v33_;
  v17_: int = id v24_;
  v18_: bool = id v25_;
  v19_: int = id v26_;
  print v19_;
  print v3_;
  print v17_;
  ret;
  jmp .b20_;
.b28_:
  v17_: int = id v24_;
  v18_: bool = id v25_;
  v19_: int = id v26_;
  print v19_;
  print v3_;
  print v17_;
  ret;
.b20_:
}
