---
source: tests/files.rs
expression: "format!(\"{}\", structured)"
---
main {
block:

 break 1
block:
 one.0: int = const 1;
 i.0: int = const 0;
 break 1
while true:
 block:
  block:
   i.1: int = phi i.0 i.2 .b1 .body;
   cond.1: bool = lt i.1 input;
   if cond.1:
    break 3
   else:
    break 2
  block:

   return

 i.2: int = add i.1 one.0;
 break 1
}
