---
source: tests/files.rs
expression: visualization.result
---
# ARGS: 
@inc(v0: int): int {
  c1_: int = const 2;
  v2_: bool = lt v0 c1_;
  v3_: int = id v0;
  br v2_ .b4_ .b5_;
.b4_:
  v6_: int = id v0;
.b7_:
  c8_: int = const 1;
  v9_: int = add c8_ v6_;
  print v9_;
  c10_: int = const 2;
  v11_: bool = lt v9_ c10_;
  v6_: int = id v9_;
  br v11_ .b7_ .b12_;
.b12_:
  v3_: int = id v6_;
  ret v3_;
  jmp .b13_;
.b5_:
  ret v3_;
.b13_:
}
@main {
  c0_: int = const 0;
  v1_: int = id c0_;
.b2_:
  c3_: int = const 1;
  v4_: int = add c3_ v1_;
  print v4_;
  c5_: int = const 2;
  v6_: bool = lt v4_ c5_;
  v1_: int = id v4_;
  br v6_ .b2_ .b7_;
.b7_:
  print v1_;
  ret;
}
