---
source: tests/files.rs
expression: visualization.result
---
digraph G {
subgraph {
node [ordering=out];
v0 [label="int"];
v1 [label="arg 0"];
v2 [label="lt"];
v3 [label="arg 1"];
v4 [label="arg 1"];
v5 [label="Φ"];
v6 [label="Φ"];
v7 [label="PRINT"];
v2 -> v0;
v2 -> v1;
v5 -> v2;
v5 -> v3;
v5 -> v4;
v6 -> v2;
v6 -> v0;
v6 -> v0;
v7 -> v6;
v7 -> v5;
}
}

